Component: ARM Compiler 5.06 update 4 (build 422) Tool: armlink [4d35d2]

==============================================================================

Section Cross References

    startup_stm32f40_41xxx.o(RESET) refers to startup_stm32f40_41xxx.o(STACK) for __initial_sp
    startup_stm32f40_41xxx.o(RESET) refers to startup_stm32f40_41xxx.o(.text) for Reset_Handler
    startup_stm32f40_41xxx.o(RESET) refers to stm32f4xx_it.o(.text) for NMI_Handler
    startup_stm32f40_41xxx.o(RESET) refers to port.o(.emb_text) for SVC_Handler
    startup_stm32f40_41xxx.o(RESET) refers to delay.o(.text) for SysTick_Handler
    startup_stm32f40_41xxx.o(.text) refers to system_stm32f4xx.o(.text) for SystemInit
    startup_stm32f40_41xxx.o(.text) refers to entry.o(.ARM.Collect$$$$00000000) for __main
    stm32f4xx_adc.o(.text) refers to stm32f4xx_rcc.o(.text) for RCC_APB2PeriphResetCmd
    stm32f4xx_can.o(.text) refers to stm32f4xx_rcc.o(.text) for RCC_APB1PeriphResetCmd
    stm32f4xx_cryp.o(.text) refers to stm32f4xx_rcc.o(.text) for RCC_AHB2PeriphResetCmd
    stm32f4xx_cryp_aes.o(.text) refers to stm32f4xx_cryp.o(.text) for CRYP_KeyStructInit
    stm32f4xx_cryp_des.o(.text) refers to stm32f4xx_cryp.o(.text) for CRYP_KeyStructInit
    stm32f4xx_cryp_tdes.o(.text) refers to stm32f4xx_cryp.o(.text) for CRYP_KeyStructInit
    stm32f4xx_dac.o(.text) refers to stm32f4xx_rcc.o(.text) for RCC_APB1PeriphResetCmd
    stm32f4xx_dma2d.o(.text) refers to stm32f4xx_rcc.o(.text) for RCC_AHB1PeriphResetCmd
    stm32f4xx_fsmc.o(.text) refers to stm32f4xx_fsmc.o(.constdata) for FSMC_DefaultTimingStruct
    stm32f4xx_gpio.o(.text) refers to stm32f4xx_rcc.o(.text) for RCC_AHB1PeriphResetCmd
    stm32f4xx_hash.o(.text) refers to stm32f4xx_rcc.o(.text) for RCC_AHB2PeriphResetCmd
    stm32f4xx_hash_md5.o(.text) refers to stm32f4xx_hash.o(.text) for HASH_DeInit
    stm32f4xx_hash_sha1.o(.text) refers to stm32f4xx_hash.o(.text) for HASH_DeInit
    stm32f4xx_i2c.o(.text) refers to stm32f4xx_rcc.o(.text) for RCC_APB1PeriphResetCmd
    stm32f4xx_ltdc.o(.text) refers to stm32f4xx_rcc.o(.text) for RCC_APB2PeriphResetCmd
    stm32f4xx_pwr.o(.text) refers to stm32f4xx_rcc.o(.text) for RCC_APB1PeriphResetCmd
    stm32f4xx_rcc.o(.text) refers to stm32f4xx_rcc.o(.data) for APBAHBPrescTable
    stm32f4xx_rng.o(.text) refers to stm32f4xx_rcc.o(.text) for RCC_AHB2PeriphResetCmd
    stm32f4xx_sai.o(.text) refers to stm32f4xx_rcc.o(.text) for RCC_APB2PeriphResetCmd
    stm32f4xx_sdio.o(.text) refers to stm32f4xx_rcc.o(.text) for RCC_APB2PeriphResetCmd
    stm32f4xx_spi.o(.text) refers to stm32f4xx_rcc.o(.text) for RCC_APB2PeriphResetCmd
    stm32f4xx_syscfg.o(.text) refers to stm32f4xx_rcc.o(.text) for RCC_APB2PeriphResetCmd
    stm32f4xx_tim.o(.text) refers to stm32f4xx_rcc.o(.text) for RCC_APB2PeriphResetCmd
    stm32f4xx_usart.o(.text) refers to stm32f4xx_rcc.o(.text) for RCC_APB2PeriphResetCmd
    stm32f4xx_wwdg.o(.text) refers to stm32f4xx_rcc.o(.text) for RCC_APB1PeriphResetCmd
    delay.o(.text) refers to tasks.o(.text) for xTaskGetSchedulerState
    delay.o(.text) refers to port.o(.text) for xPortSysTickHandler
    delay.o(.text) refers to misc.o(.text) for SysTick_CLKSourceConfig
    delay.o(.text) refers to delay.o(.data) for fac_us
    usart.o(.text) refers to stm32f4xx_rcc.o(.text) for RCC_AHB1PeriphClockCmd
    usart.o(.text) refers to stm32f4xx_gpio.o(.text) for GPIO_Init
    usart.o(.text) refers to stm32f4xx_usart.o(.text) for USART_Init
    led.o(.text) refers to stm32f4xx_rcc.o(.text) for RCC_AHB1PeriphClockCmd
    led.o(.text) refers to stm32f4xx_gpio.o(.text) for GPIO_Init
    event_groups.o(.text) refers to heap_4.o(.text) for pvPortMalloc
    event_groups.o(.text) refers to list.o(.text) for vListInitialise
    event_groups.o(.text) refers to printfa.o(i.__0printf) for __2printf
    event_groups.o(.text) refers to tasks.o(.text) for vTaskSuspendAll
    event_groups.o(.text) refers to port.o(.text) for vPortEnterCritical
    event_groups.o(.text) refers to timers.o(.text) for xTimerPendFunctionCallFromISR
    queue.o(.text) refers to printfa.o(i.__0printf) for __2printf
    queue.o(.text) refers to port.o(.text) for vPortEnterCritical
    queue.o(.text) refers to tasks.o(.text) for xTaskRemoveFromEventList
    queue.o(.text) refers to list.o(.text) for vListInitialise
    queue.o(.text) refers to heap_4.o(.text) for pvPortMalloc
    queue.o(.text) refers to memcpya.o(.text) for __aeabi_memcpy
    queue.o(.text) refers to queue.o(.bss) for xQueueRegistry
    tasks.o(.text) refers to list.o(.text) for vListInitialise
    tasks.o(.text) refers to port.o(.text) for vPortEnterCritical
    tasks.o(.text) refers to memseta.o(.text) for __aeabi_memset
    tasks.o(.text) refers to printfa.o(i.__0printf) for __2printf
    tasks.o(.text) refers to heap_4.o(.text) for pvPortMalloc
    tasks.o(.text) refers to tasks.o(.bss) for pxReadyTasksLists
    tasks.o(.text) refers to tasks.o(.data) for pxDelayedTaskList
[...]
    printfa.o(i._fp_digits) refers (Special) to iusefp.o(.text) for __I$use$fp
    printfa.o(i._fp_digits) refers to dmul.o(.text) for __aeabi_dmul
    printfa.o(i._fp_digits) refers to ddiv.o(.text) for __aeabi_ddiv
    printfa.o(i._fp_digits) refers to cdrcmple.o(.text) for __aeabi_cdrcmple
    printfa.o(i._fp_digits) refers to dadd.o(.text) for __aeabi_dadd
    printfa.o(i._fp_digits) refers to dfixul.o(.text) for __aeabi_d2ulz
    printfa.o(i._fp_digits) refers to uldiv.o(.text) for __aeabi_uldivmod
    printfa.o(i._printf_core) refers (Special) to iusefp.o(.text) for __I$use$fp
    printfa.o(i._printf_core) refers to printfa.o(i._printf_pre_padding) for _printf_pre_padding
    printfa.o(i._printf_core) refers to uldiv.o(.text) for __aeabi_uldivmod
    printfa.o(i._printf_core) refers to printfa.o(i._printf_post_padding) for _printf_post_padding
    printfa.o(i._printf_core) refers to printfa.o(i._fp_digits) for _fp_digits
    printfa.o(i._printf_core) refers to uidiv.o(.text) for __aeabi_uidivmod
    printfa.o(i._printf_post_padding) refers (Special) to iusefp.o(.text) for __I$use$fp
    printfa.o(i._printf_pre_padding) refers (Special) to iusefp.o(.text) for __I$use$fp
    printfa.o(i._snputc) refers (Special) to iusefp.o(.text) for __I$use$fp
    printfa.o(i._sputc) refers (Special) to iusefp.o(.text) for __I$use$fp
    f2d.o(.text) refers (Special) to iusefp.o(.text) for __I$use$fp
    entry2.o(.ARM.Collect$$$$00000001) refers to entry2.o(.ARM.Collect$$$$00002712) for __lit__00000000
    entry2.o(.ARM.Collect$$$$00002712) refers to startup_stm32f40_41xxx.o(STACK) for __initial_sp
    entry2.o(__vectab_stack_and_reset_area) refers to startup_stm32f40_41xxx.o(STACK) for __initial_sp
    entry2.o(__vectab_stack_and_reset_area) refers to entry.o(.ARM.Collect$$$$00000000) for __main
    entry5.o(.ARM.Collect$$$$00000004) refers to init.o(.text) for __scatterload
    entry9a.o(.ARM.Collect$$$$0000000B) refers to main.o(.text) for main
    entry9b.o(.ARM.Collect$$$$0000000C) refers to main.o(.text) for main
    uldiv.o(.text) refers to llushr.o(.text) for __aeabi_llsr
    uldiv.o(.text) refers to llshl.o(.text) for __aeabi_llsl
    dadd.o(.text) refers to llshl.o(.text) for __aeabi_llsl
    dadd.o(.text) refers to llsshr.o(.text) for __aeabi_lasr
    dadd.o(.text) refers to depilogue.o(.text) for _double_epilogue
    dmul.o(.text) refers to depilogue.o(.text) for _double_epilogue
    ddiv.o(.text) refers to depilogue.o(.text) for _double_round
    dfixul.o(.text) refers to llushr.o(.text) for __aeabi_llsr
    dfixul.o(.text) refers to llshl.o(.text) for __aeabi_llsl
    init.o(.text) refers to entry5.o(.ARM.Collect$$$$00000004) for __main_after_scatterload
    depilogue.o(.text) refers to llshl.o(.text) for __aeabi_llsl
    depilogue.o(.text) refers to llushr.o(.text) for __aeabi_llsr


==============================================================================

Removing Unused input sections from the image.

    Removing startup_stm32f40_41xxx.o(HEAP), (512 bytes).
    Removing misc.o(.rev16_text), (4 bytes).
    Removing misc.o(.revsh_text), (4 bytes).
    Removing stm32f4xx_adc.o(.rev16_text), (4 bytes).
    Removing stm32f4xx_adc.o(.revsh_text), (4 bytes).
    Removing stm32f4xx_adc.o(.text), (1124 bytes).
    Removing stm32f4xx_can.o(.rev16_text), (4 bytes).
    Removing stm32f4xx_can.o(.revsh_text), (4 bytes).
    Removing stm32f4xx_can.o(.text), (2544 bytes).
    Removing stm32f4xx_crc.o(.rev16_text), (4 bytes).
    Removing stm32f4xx_crc.o(.revsh_text), (4 bytes).
    Removing stm32f4xx_crc.o(.text), (72 bytes).
    Removing stm32f4xx_cryp.o(.rev16_text), (4 bytes).
    Removing stm32f4xx_cryp.o(.revsh_text), (4 bytes).
    Removing stm32f4xx_cryp.o(.text), (856 bytes).
    Removing stm32f4xx_cryp_aes.o(.rev16_text), (4 bytes).
    Removing stm32f4xx_cryp_aes.o(.revsh_text), (4 bytes).
    Removing stm32f4xx_cryp_aes.o(.text), (4586 bytes).
    Removing stm32f4xx_cryp_des.o(.rev16_text), (4 bytes).
    Removing stm32f4xx_cryp_des.o(.revsh_text), (4 bytes).
    Removing stm32f4xx_cryp_des.o(.text), (472 bytes).
    Removing stm32f4xx_cryp_tdes.o(.rev16_text), (4 bytes).
    Removing stm32f4xx_cryp_tdes.o(.revsh_text), (4 bytes).
    Removing stm32f4xx_cryp_tdes.o(.text), (536 bytes).
    Removing stm32f4xx_dac.o(.rev16_text), (4 bytes).
    Removing stm32f4xx_dac.o(.revsh_text), (4 bytes).
    Removing stm32f4xx_dac.o(.text), (528 bytes).
    Removing stm32f4xx_dbgmcu.o(.rev16_text), (4 bytes).
    Removing stm32f4xx_dbgmcu.o(.revsh_text), (4 bytes).
    Removing stm32f4xx_dbgmcu.o(.text), (100 bytes).
    Removing stm32f4xx_dcmi.o(.rev16_text), (4 bytes).
    Removing stm32f4xx_dcmi.o(.revsh_text), (4 bytes).
    Removing stm32f4xx_dcmi.o(.text), (396 bytes).
    Removing stm32f4xx_dma2d.o(.rev16_text), (4 bytes).
    Removing stm32f4xx_dma2d.o(.revsh_text), (4 bytes).
    Removing stm32f4xx_dma2d.o(.text), (948 bytes).
    Removing stm32f4xx_dma.o(.rev16_text), (4 bytes).
    Removing stm32f4xx_dma.o(.revsh_text), (4 bytes).
    Removing stm32f4xx_dma.o(.text), (936 bytes).
    Removing stm32f4xx_exti.o(.rev16_text), (4 bytes).
    Removing stm32f4xx_exti.o(.revsh_text), (4 bytes).
    Removing stm32f4xx_exti.o(.text), (272 bytes).
    Removing stm32f4xx_flash.o(.rev16_text), (4 bytes).
    Removing stm32f4xx_flash.o(.revsh_text), (4 bytes).
    Removing stm32f4xx_flash.o(.text), (1684 bytes).
    Removing stm32f4xx_flash_ramfunc.o(.rev16_text), (4 bytes).
    Removing stm32f4xx_flash_ramfunc.o(.revsh_text), (4 bytes).
    Removing stm32f4xx_flash_ramfunc.o(.text), (64 bytes).
    Removing stm32f4xx_fsmc.o(.rev16_text), (4 bytes).
    Removing stm32f4xx_fsmc.o(.revsh_text), (4 bytes).
    Removing stm32f4xx_fsmc.o(.text), (1480 bytes).
    Removing stm32f4xx_fsmc.o(.constdata), (28 bytes).
    Removing stm32f4xx_gpio.o(.rev16_text), (4 bytes).
    Removing stm32f4xx_gpio.o(.revsh_text), (4 bytes).
    Removing stm32f4xx_hash.o(.rev16_text), (4 bytes).
    Removing stm32f4xx_hash.o(.revsh_text), (4 bytes).
    Removing stm32f4xx_hash.o(.text), (552 bytes).
    Removing stm32f4xx_hash_md5.o(.rev16_text), (4 bytes).
    Removing stm32f4xx_hash_md5.o(.revsh_text), (4 bytes).
    Removing stm32f4xx_hash_md5.o(.text), (534 bytes).
    Removing stm32f4xx_hash_sha1.o(.rev16_text), (4 bytes).
    Removing stm32f4xx_hash_sha1.o(.revsh_text), (4 bytes).
    Removing stm32f4xx_hash_sha1.o(.text), (548 bytes).
    Removing stm32f4xx_i2c.o(.rev16_text), (4 bytes).
    Removing stm32f4xx_i2c.o(.revsh_text), (4 bytes).
    Removing stm32f4xx_i2c.o(.text), (1110 bytes).
    Removing stm32f4xx_iwdg.o(.rev16_text), (4 bytes).
    Removing stm32f4xx_iwdg.o(.revsh_text), (4 bytes).
    Removing stm32f4xx_iwdg.o(.text), (64 bytes).
    Removing stm32f4xx_ltdc.o(.rev16_text), (4 bytes).
    Removing stm32f4xx_ltdc.o(.revsh_text), (4 bytes).
    Removing stm32f4xx_ltdc.o(.text), (1672 bytes).
    Removing stm32f4xx_pwr.o(.rev16_text), (4 bytes).
    Removing stm32f4xx_pwr.o(.revsh_text), (4 bytes).
    Removing stm32f4xx_pwr.o(.text), (364 bytes).
    Removing stm32f4xx_rcc.o(.rev16_text), (4 bytes).
    Removing stm32f4xx_rcc.o(.revsh_text), (4 bytes).
    Removing stm32f4xx_rng.o(.rev16_text), (4 bytes).
    Removing stm32f4xx_rng.o(.revsh_text), (4 bytes).
    Removing stm32f4xx_rng.o(.text), (160 bytes).
    Removing stm32f4xx_rtc.o(.rev16_text), (4 bytes).
    Removing stm32f4xx_rtc.o(.revsh_text), (4 bytes).
    Removing stm32f4xx_rtc.o(.text), (3432 bytes).
    Removing stm32f4xx_sai.o(.rev16_text), (4 bytes).
    Removing stm32f4xx_sai.o(.revsh_text), (4 bytes).
    Removing stm32f4xx_sai.o(.text), (524 bytes).
    Removing stm32f4xx_sdio.o(.rev16_text), (4 bytes).
    Removing stm32f4xx_sdio.o(.revsh_text), (4 bytes).
    Removing stm32f4xx_sdio.o(.text), (476 bytes).
    Removing stm32f4xx_spi.o(.rev16_text), (4 bytes).
    Removing stm32f4xx_spi.o(.revsh_text), (4 bytes).
    Removing stm32f4xx_spi.o(.text), (1152 bytes).
    Removing stm32f4xx_syscfg.o(.rev16_text), (4 bytes).
    Removing stm32f4xx_syscfg.o(.revsh_text), (4 bytes).
    Removing stm32f4xx_syscfg.o(.text), (148 bytes).
    Removing stm32f4xx_tim.o(.rev16_text), (4 bytes).
    Removing stm32f4xx_tim.o(.revsh_text), (4 bytes).
    Removing stm32f4xx_tim.o(.text), (3234 bytes).
    Removing stm32f4xx_usart.o(.rev16_text), (4 bytes).
    Removing stm32f4xx_usart.o(.revsh_text), (4 bytes).
    Removing stm32f4xx_wwdg.o(.rev16_text), (4 bytes).
    Removing stm32f4xx_wwdg.o(.revsh_text), (4 bytes).
    Removing stm32f4xx_wwdg.o(.text), (144 bytes).
    Removing delay.o(.rev16_text), (4 bytes).
    Removing delay.o(.revsh_text), (4 bytes).
    Removing sys.o(.rev16_text), (4 bytes).
    Removing sys.o(.revsh_text), (4 bytes).
    Removing sys.o(.emb_text), (16 bytes).
    Removing usart.o(.rev16_text), (4 bytes).
    Removing usart.o(.revsh_text), (4 bytes).
    Removing led.o(.rev16_text), (4 bytes).
    Removing led.o(.revsh_text), (4 bytes).
    Removing croutine.o(.rev16_text), (4 bytes).
    Removing croutine.o(.revsh_text), (4 bytes).
    Removing event_groups.o(.rev16_text), (4 bytes).
    Removing event_groups.o(.revsh_text), (4 bytes).
    Removing event_groups.o(.text), (1106 bytes).
    Removing list.o(.rev16_text), (4 bytes).
    Removing list.o(.revsh_text), (4 bytes).
    Removing queue.o(.rev16_text), (4 bytes).
    Removing queue.o(.revsh_text), (4 bytes).
    Removing tasks.o(.rev16_text), (4 bytes).
    Removing tasks.o(.revsh_text), (4 bytes).
    Removing timers.o(.rev16_text), (4 bytes).
    Removing timers.o(.revsh_text), (4 bytes).
    Removing heap_4.o(.rev16_text), (4 bytes).
    Removing heap_4.o(.revsh_text), (4 bytes).
    Removing port.o(.rev16_text), (4 bytes).
    Removing port.o(.revsh_text), (4 bytes).
    Removing main.o(.rev16_text), (4 bytes).
    Removing main.o(.revsh_text), (4 bytes).
    Removing stm32f4xx_it.o(.rev16_text), (4 bytes).
    Removing stm32f4xx_it.o(.revsh_text), (4 bytes).
    Removing system_stm32f4xx.o(.rev16_text), (4 bytes).
    Removing system_stm32f4xx.o(.revsh_text), (4 bytes).

135 unused section(s) (total 32774 bytes) removed from the image.

==============================================================================

Image Symbol Table

    Local Symbols

    Symbol Name                              Value     Ov Type        Size  Object(Section)

    ../clib/microlib/division.c              0x00000000   Number         0  uldiv.o ABSOLUTE
    ../clib/microlib/division.c              0x00000000   Number         0  uidiv.o ABSOLUTE
    ../clib/microlib/init/entry.s            0x00000000   Number         0  entry10a.o ABSOLUTE
    ../clib/microlib/init/entry.s            0x00000000   Number         0  entry.o ABSOLUTE
    ../clib/microlib/init/entry.s            0x00000000   Number         0  entry2.o ABSOLUTE
    ../clib/microlib/init/entry.s            0x00000000   Number         0  entry5.o ABSOLUTE
    ../clib/microlib/init/entry.s            0x00000000   Number         0  entry7a.o ABSOLUTE
    ../clib/microlib/init/entry.s            0x00000000   Number         0  entry7b.o ABSOLUTE
    ../clib/microlib/init/entry.s            0x00000000   Number         0  entry8a.o ABSOLUTE
    ../clib/microlib/init/entry.s            0x00000000   Number         0  entry8b.o ABSOLUTE
    ../clib/microlib/init/entry.s            0x00000000   Number         0  entry9a.o ABSOLUTE
    ../clib/microlib/init/entry.s            0x00000000   Number         0  entry9b.o ABSOLUTE
    ../clib/microlib/init/entry.s            0x00000000   Number         0  entry11a.o ABSOLUTE
    ../clib/microlib/init/entry.s            0x00000000   Number         0  entry10b.o ABSOLUTE
    ../clib/microlib/init/entry.s            0x00000000   Number         0  entry11b.o ABSOLUTE
    ../clib/microlib/longlong.c              0x00000000   Number         0  llushr.o ABSOLUTE
    ../clib/microlib/longlong.c              0x00000000   Number         0  llsshr.o ABSOLUTE
    ../clib/microlib/longlong.c              0x00000000   Number         0  llshl.o ABSOLUTE
    ../clib/microlib/printf/printf.c         0x00000000   Number         0  printfb.o ABSOLUTE
    ../clib/microlib/printf/printf.c         0x00000000   Number         0  printf4.o ABSOLUTE
    ../clib/microlib/printf/printf.c         0x00000000   Number         0  printf5.o ABSOLUTE
    ../clib/microlib/printf/printf.c         0x00000000   Number         0  printf6.o ABSOLUTE
    ../clib/microlib/printf/printf.c         0x00000000   Number         0  printf7.o ABSOLUTE
    ../clib/microlib/printf/printf.c         0x00000000   Number         0  printf8.o ABSOLUTE
    ../clib/microlib/printf/printf.c         0x00000000   Number         0  printfa.o ABSOLUTE
    ../clib/microlib/printf/printf.c         0x00000000   Number         0  printf3.o ABSOLUTE
    ../clib/microlib/printf/printf.c         0x00000000   Number         0  printf2.o ABSOLUTE
    ../clib/microlib/printf/printf.c         0x00000000   Number         0  printf1.o ABSOLUTE
    ../clib/microlib/printf/printf.c         0x00000000   Number         0  printf0.o ABSOLUTE
    ../clib/microlib/printf/stubs.s          0x00000000   Number         0  stubs.o ABSOLUTE
    ../clib/microlib/stdio/streams.c         0x00000000   Number         0  stdout.o ABSOLUTE
    ../clib/microlib/string/memcpy.c         0x00000000   Number         0  memcpya.o ABSOLUTE
    ../clib/microlib/string/memcpy.c         0x00000000   Number         0  memcpyb.o ABSOLUTE
    ../clib/microlib/string/memset.c         0x00000000   Number         0  memseta.o ABSOLUTE
    ../clib/microlib/string/strcpy.c         0x00000000   Number         0  strcpy.o ABSOLUTE
    ../clib/microlib/string/strlen.c         0x00000000   Number         0  strlen.o ABSOLUTE
    ../clib/microlib/stubs.s                 0x00000000   Number         0  iusefp.o ABSOLUTE
    ../fplib/microlib/f2d.c                  0x00000000   Number         0  f2d.o ABSOLUTE
    ../fplib/microlib/fpadd.c                0x00000000   Number         0  dadd.o ABSOLUTE
    ../fplib/microlib/fpdiv.c                0x00000000   Number         0  ddiv.o ABSOLUTE
    ../fplib/microlib/fpepilogue.c           0x00000000   Number         0  depilogue.o ABSOLUTE
    ../fplib/microlib/fpfix.c                0x00000000   Number         0  dfixul.o ABSOLUTE
    ../fplib/microlib/fpmul.c                0x00000000   Number         0  dmul.o ABSOLUTE
    ..\CORE\startup_stm32f40_41xxx.s         0x00000000   Number         0  startup_stm32f40_41xxx.o ABSOLUTE
    ..\FWLIB\src\misc.c                      0x00000000   Number         0  misc.o ABSOLUTE
    ..\FWLIB\src\stm32f4xx_adc.c             0x00000000   Number         0  stm32f4xx_adc.o ABSOLUTE
    ..\FWLIB\src\stm32f4xx_can.c             0x00000000   Number         0  stm32f4xx_can.o ABSOLUTE
    ..\FWLIB\src\stm32f4xx_crc.c             0x00000000   Number         0  stm32f4xx_crc.o ABSOLUTE
    ..\FWLIB\src\stm32f4xx_cryp.c            0x00000000   Number         0  stm32f4xx_cryp.o ABSOLUTE
    ..\FWLIB\src\stm32f4xx_cryp_aes.c        0x00000000   Number         0  stm32f4xx_cryp_aes.o ABSOLUTE
    ..\FWLIB\src\stm32f4xx_cryp_des.c        0x00000000   Number         0  stm32f4xx_cryp_des.o ABSOLUTE
    ..\FWLIB\src\stm32f4xx_cryp_tdes.c       0x00000000   Number         0  stm32f4xx_cryp_tdes.o ABSOLUTE
    ..\FWLIB\src\stm32f4xx_dac.c             0x00000000   Number         0  stm32f4xx_dac.o ABSOLUTE
    ..\FWLIB\src\stm32f4xx_dbgmcu.c          0x00000000   Number         0  stm32f4xx_dbgmcu.o ABSOLUTE
    ..\FWLIB\src\stm32f4xx_dcmi.c            0x00000000   Number         0  stm32f4xx_dcmi.o ABSOLUTE
    ..\FWLIB\src\stm32f4xx_dma.c             0x00000000   Number         0  stm32f4xx_dma.o ABSOLUTE
    ..\FWLIB\src\stm32f4xx_dma2d.c           0x00000000   Number         0  stm32f4xx_dma2d.o ABSOLUTE
    ..\FWLIB\src\stm32f4xx_exti.c            0x00000000   Number         0  stm32f4xx_exti.o ABSOLUTE
    ..\FWLIB\src\stm32f4xx_flash.c           0x00000000   Number         0  stm32f4xx_flash.o ABSOLUTE
    ..\FWLIB\src\stm32f4xx_flash_ramfunc.c   0x00000000   Number         0  stm32f4xx_flash_ramfunc.o ABSOLUTE
    ..\FWLIB\src\stm32f4xx_fsmc.c            0x00000000   Number         0  stm32f4xx_fsmc.o ABSOLUTE
    ..\FWLIB\src\stm32f4xx_gpio.c            0x00000000   Number         0  stm32f4xx_gpio.o ABSOLUTE
    ..\FWLIB\src\stm32f4xx_hash.c            0x00000000   Number         0  stm32f4xx_hash.o ABSOLUTE
    ..\FWLIB\src\stm32f4xx_hash_md5.c        0x00000000   Number         0  stm32f4xx_hash_md5.o ABSOLUTE
    ..\FWLIB\src\stm32f4xx_hash_sha1.c       0x00000000   Number         0  stm32f4xx_hash_sha1.o ABSOLUTE
    ..\FWLIB\src\stm32f4xx_i2c.c             0x00000000   Number         0  stm32f4xx_i2c.o ABSOLUTE
    ..\FWLIB\src\stm32f4xx_iwdg.c            0x00000000   Number         0  stm32f4xx_iwdg.o ABSOLUTE
    ..\FWLIB\src\stm32f4xx_ltdc.c            0x00000000   Number         0  stm32f4xx_ltdc.o ABSOLUTE
    ..\FWLIB\src\stm32f4xx_pwr.c             0x00000000   Number         0  stm32f4xx_pwr.o ABSOLUTE
    ..\FWLIB\src\stm32f4xx_rcc.c             0x00000000   Number         0  stm32f4xx_rcc.o ABSOLUTE
    ..\FWLIB\src\stm32f4xx_rng.c             0x00000000   Number         0  stm32f4xx_rng.o ABSOLUTE
    ..\FWLIB\src\stm32f4xx_rtc.c             0x00000000   Number         0  stm32f4xx_rtc.o ABSOLUTE
    ..\FWLIB\src\stm32f4xx_sai.c             0x00000000   Number         0  stm32f4xx_sai.o ABSOLUTE
    ..\FWLIB\src\stm32f4xx_sdio.c            0x00000000   Number         0  stm32f4xx_sdio.o ABSOLUTE
    ..\FWLIB\src\stm32f4xx_spi.c             0x00000000   Number         0  stm32f4xx_spi.o ABSOLUTE
    ..\FWLIB\src\stm32f4xx_syscfg.c          0x00000000   Number         0  stm32f4xx_syscfg.o ABSOLUTE
    ..\FWLIB\src\stm32f4xx_tim.c             0x00000000   Number         0  stm32f4xx_tim.o ABSOLUTE
    ..\FWLIB\src\stm32f4xx_usart.c           0x00000000   Number         0  stm32f4xx_usart.o ABSOLUTE
    ..\FWLIB\src\stm32f4xx_wwdg.c            0x00000000   Number         0  stm32f4xx_wwdg.o ABSOLUTE
    ..\FreeRTOS\croutine.c                   0x00000000   Number         0  croutine.o ABSOLUTE
    ..\FreeRTOS\event_groups.c               0x00000000   Number         0  event_groups.o ABSOLUTE
    ..\FreeRTOS\list.c                       0x00000000   Number         0  list.o ABSOLUTE
    ..\FreeRTOS\portable\MemMang\heap_4.c    0x00000000   Number         0  heap_4.o ABSOLUTE
    ..\FreeRTOS\portable\RVDS\ARM_CM4F\port.c 0x00000000   Number         0  port.o ABSOLUTE
    ..\FreeRTOS\queue.c                      0x00000000   Number         0  queue.o ABSOLUTE
    ..\FreeRTOS\tasks.c                      0x00000000   Number         0  tasks.o ABSOLUTE
    ..\FreeRTOS\timers.c                     0x00000000   Number         0  timers.o ABSOLUTE
    ..\HARDWARE\LED\led.c                    0x00000000   Number         0  led.o ABSOLUTE
    ..\SYSTEM\delay\delay.c                  0x00000000   Number         0  delay.o ABSOLUTE
    ..\SYSTEM\sys\sys.c                      0x00000000   Number         0  sys.o ABSOLUTE
    ..\SYSTEM\usart\usart.c                  0x00000000   Number         0  usart.o ABSOLUTE
    ..\\FWLIB\\src\\misc.c                   0x00000000   Number         0  misc.o ABSOLUTE
    ..\\FWLIB\\src\\stm32f4xx_adc.c          0x00000000   Number         0  stm32f4xx_adc.o ABSOLUTE
    ..\\FWLIB\\src\\stm32f4xx_can.c          0x00000000   Number         0  stm32f4xx_can.o ABSOLUTE
    ..\\FWLIB\\src\\stm32f4xx_crc.c          0x00000000   Number         0  stm32f4xx_crc.o ABSOLUTE
    ..\\FWLIB\\src\\stm32f4xx_cryp.c         0x00000000   Number         0  stm32f4xx_cryp.o ABSOLUTE
    ..\\FWLIB\\src\\stm32f4xx_cryp_aes.c     0x00000000   Number         0  stm32f4xx_cryp_aes.o ABSOLUTE
    ..\\FWLIB\\src\\stm32f4xx_cryp_des.c     0x00000000   Number         0  stm32f4xx_cryp_des.o ABSOLUTE
    ..\\FWLIB\\src\\stm32f4xx_cryp_tdes.c    0x00000000   Number         0  stm32f4xx_cryp_tdes.o ABSOLUTE
    ..\\FWLIB\\src\\stm32f4xx_dac.c          0x00000000   Number         0  stm32f4xx_dac.o ABSOLUTE
    ..\\FWLIB\\src\\stm32f4xx_dbgmcu.c       0x00000000   Number         0  stm32f4xx_dbgmcu.o ABSOLUTE
    ..\\FWLIB\\src\\stm32f4xx_dcmi.c         0x00000000   Number         0  stm32f4xx_dcmi.o ABSOLUTE
    ..\\FWLIB\\src\\stm32f4xx_dma.c          0x00000000   Number         0  stm32f4xx_dma.o ABSOLUTE
    ..\\FWLIB\\src\\stm32f4xx_dma2d.c        0x00000000   Number         0  stm32f4xx_dma2d.o ABSOLUTE
    ..\\FWLIB\\src\\stm32f4xx_exti.c         0x00000000   Number         0  stm32f4xx_exti.o ABSOLUTE
    ..\\FWLIB\\src\\stm32f4xx_flash.c        0x00000000   Number         0  stm32f4xx_flash.o ABSOLUTE
    ..\\FWLIB\\src\\stm32f4xx_flash_ramfunc.c 0x00000000   Number         0  stm32f4xx_flash_ramfunc.o ABSOLUTE
    ..\\FWLIB\\src\\stm32f4xx_fsmc.c         0x00000000   Number         0  stm32f4xx_fsmc.o ABSOLUTE
    ..\\FWLIB\\src\\stm32f4xx_gpio.c         0x00000000   Number         0  stm32f4xx_gpio.o ABSOLUTE
    ..\\FWLIB\\src\\stm32f4xx_hash.c         0x00000000   Number         0  stm32f4xx_hash.o ABSOLUTE
    ..\\FWLIB\\src\\stm32f4xx_hash_md5.c     0x00000000   Number         0  stm32f4xx_hash_md5.o ABSOLUTE
    ..\\FWLIB\\src\\stm32f4xx_hash_sha1.c    0x00000000   Number         0  stm32f4xx_hash_sha1.o ABSOLUTE
    ..\\FWLIB\\src\\stm32f4xx_i2c.c          0x00000000   Number         0  stm32f4xx_i2c.o ABSOLUTE
    ..\\FWLIB\\src\\stm32f4xx_iwdg.c         0x00000000   Number         0  stm32f4xx_iwdg.o ABSOLUTE
    ..\\FWLIB\\src\\stm32f4xx_ltdc.c         0x00000000   Number         0  stm32f4xx_ltdc.o ABSOLUTE
    ..\\FWLIB\\src\\stm32f4xx_pwr.c          0x00000000   Number         0  stm32f4xx_pwr.o ABSOLUTE
    ..\\FWLIB\\src\\stm32f4xx_rcc.c          0x00000000   Number         0  stm32f4xx_rcc.o ABSOLUTE
    ..\\FWLIB\\src\\stm32f4xx_rng.c          0x00000000   Number         0  stm32f4xx_rng.o ABSOLUTE
    ..\\FWLIB\\src\\stm32f4xx_rtc.c          0x00000000   Number         0  stm32f4xx_rtc.o ABSOLUTE
    ..\\FWLIB\\src\\stm32f4xx_sai.c          0x00000000   Number         0  stm32f4xx_sai.o ABSOLUTE
    ..\\FWLIB\\src\\stm32f4xx_sdio.c         0x00000000   Number         0  stm32f4xx_sdio.o ABSOLUTE
    ..\\FWLIB\\src\\stm32f4xx_spi.c          0x00000000   Number         0  stm32f4xx_spi.o ABSOLUTE
    ..\\FWLIB\\src\\stm32f4xx_syscfg.c       0x00000000   Number         0  stm32f4xx_syscfg.o ABSOLUTE
    ..\\FWLIB\\src\\stm32f4xx_tim.c          0x00000000   Number         0  stm32f4xx_tim.o ABSOLUTE
    ..\\FWLIB\\src\\stm32f4xx_usart.c        0x00000000   Number         0  stm32f4xx_usart.o ABSOLUTE
    ..\\FWLIB\\src\\stm32f4xx_wwdg.c         0x00000000   Number         0  stm32f4xx_wwdg.o ABSOLUTE
    ..\\FreeRTOS\\croutine.c                 0x00000000   Number         0  croutine.o ABSOLUTE
    ..\\FreeRTOS\\event_groups.c             0x00000000   Number         0  event_groups.o ABSOLUTE
    ..\\FreeRTOS\\list.c                     0x00000000   Number         0  list.o ABSOLUTE
    ..\\FreeRTOS\\portable\\MemMang\\heap_4.c 0x00000000   Number         0  heap_4.o ABSOLUTE
    ..\\FreeRTOS\\portable\\RVDS\\ARM_CM4F\\port.c 0x00000000   Number         0  port.o ABSOLUTE
    ..\\FreeRTOS\\queue.c                    0x00000000   Number         0  queue.o ABSOLUTE
    ..\\FreeRTOS\\tasks.c                    0x00000000   Number         0  tasks.o ABSOLUTE
    ..\\FreeRTOS\\timers.c                   0x00000000   Number         0  timers.o ABSOLUTE
    ..\\HARDWARE\\LED\\led.c                 0x00000000   Number         0  led.o ABSOLUTE
    ..\\SYSTEM\\delay\\delay.c               0x00000000   Number         0  delay.o ABSOLUTE
    ..\\SYSTEM\\sys\\sys.c                   0x00000000   Number         0  sys.o ABSOLUTE
    ..\\SYSTEM\\usart\\usart.c               0x00000000   Number         0  usart.o ABSOLUTE
    cdrcmple.s                               0x00000000   Number         0  cdrcmple.o ABSOLUTE
    dc.s                                     0x00000000   Number         0  dc.o ABSOLUTE
    handlers.s                               0x00000000   Number         0  handlers.o ABSOLUTE
    init.s                                   0x00000000   Number         0  init.o ABSOLUTE
    main.c                                   0x00000000   Number         0  main.o ABSOLUTE
    main.c                                   0x00000000   Number         0  main.o ABSOLUTE
    stm32f4xx_it.c                           0x00000000   Number         0  stm32f4xx_it.o ABSOLUTE
    stm32f4xx_it.c                           0x00000000   Number         0  stm32f4xx_it.o ABSOLUTE
    system_stm32f4xx.c                       0x00000000   Number         0  system_stm32f4xx.o ABSOLUTE
    system_stm32f4xx.c                       0x00000000   Number         0  system_stm32f4xx.o ABSOLUTE
    RESET                                    0x08000000   Section      392  startup_stm32f40_41xxx.o(RESET)
    .ARM.Collect$$$$00000000                 0x08000188   Section        0  entry.o(.ARM.Collect$$$$00000000)
    .ARM.Collect$$$$00000001                 0x08000188   Section        4  entry2.o(.ARM.Collect$$$$00000001)
    .ARM.Collect$$$$00000004                 0x0800018c   Section        4  entry5.o(.ARM.Collect$$$$00000004)
    .ARM.Collect$$$$00000008                 0x08000190   Section        0  entry7b.o(.ARM.Collect$$$$00000008)
    .ARM.Collect$$$$0000000A                 0x08000190   Section        0  entry8b.o(.ARM.Collect$$$$0000000A)
    .ARM.Collect$$$$0000000B                 0x08000190   Section        8  entry9a.o(.ARM.Collect$$$$0000000B)
    .ARM.Collect$$$$0000000D                 0x08000198   Section        0  entry10a.o(.ARM.Collect$$$$0000000D)
    .ARM.Collect$$$$0000000F                 0x08000198   Section        0  entry11a.o(.ARM.Collect$$$$0000000F)
    .ARM.Collect$$$$00002712                 0x08000198   Section        4  entry2.o(.ARM.Collect$$$$00002712)
    __lit__00000000                          0x08000198   Data           4  entry2.o(.ARM.Collect$$$$00002712)
    .emb_text                                0x0800019c   Section      182  port.o(.emb_text)
    $v0                                      0x0800019c   Number         0  port.o(.emb_text)
    .text                                    0x08000254   Section       36  startup_stm32f40_41xxx.o(.text)
    $v0                                      0x08000254   Number         0  startup_stm32f40_41xxx.o(.text)
    .text                                    0x08000278   Section        0  misc.o(.text)
    .text                                    0x08000358   Section        0  stm32f4xx_gpio.o(.text)
    .text                                    0x080005ec   Section        0  stm32f4xx_rcc.o(.text)
    .text                                    0x08000c48   Section        0  stm32f4xx_usart.o(.text)
    .text                                    0x0800109c   Section        0  delay.o(.text)
    .text                                    0x08001188   Section        0  usart.o(.text)
    .text                                    0x08001258   Section        0  led.o(.text)
    .text                                    0x08001294   Section        0  list.o(.text)
    .text                                    0x08001328   Section        0  queue.o(.text)
    prvInitialiseNewQueue                    0x080013b1   Thumb Code    46  queue.o(.text)
    prvCopyDataToQueue                       0x0800142d   Thumb Code   124  queue.o(.text)
    prvNotifyQueueSetContainer               0x080014a9   Thumb Code   124  queue.o(.text)
    prvUnlockQueue                           0x08001525   Thumb Code   146  queue.o(.text)
    prvIsQueueFull                           0x080015b7   Thumb Code    30  queue.o(.text)
    prvInitialiseMutex                       0x0800179d   Thumb Code    28  queue.o(.text)
    prvIsQueueEmpty                          0x0800181d   Thumb Code    26  queue.o(.text)
    prvCopyDataFromQueue                     0x08001837   Thumb Code    42  queue.o(.text)
    .text                                    0x08002034   Section        0  tasks.o(.text)
    prvInitialiseTaskLists                   0x08002035   Thumb Code    70  tasks.o(.text)
    prvAddNewTaskToReadyList                 0x0800207b   Thumb Code   156  tasks.o(.text)
    prvInitialiseNewTask                     0x08002117   Thumb Code   170  tasks.o(.text)
    prvResetNextTaskUnblockTime              0x08002221   Thumb Code    42  tasks.o(.text)
    prvDeleteTCB                             0x0800224b   Thumb Code    18  tasks.o(.text)
    prvAddCurrentTaskToDelayedList           0x0800257f   Thumb Code   124  tasks.o(.text)
    prvTaskIsTaskSuspended                   0x08002a3f   Thumb Code    76  tasks.o(.text)
    prvCheckTasksWaitingTermination          0x08002b9d   Thumb Code    86  tasks.o(.text)
    prvIdleTask                              0x08002bf3   Thumb Code    32  tasks.o(.text)
    prvTaskCheckFreeStackSpace               0x08002d31   Thumb Code    22  tasks.o(.text)
    prvListTasksWithinSingleList             0x08002db9   Thumb Code   106  tasks.o(.text)
    prvWriteNameToBuffer                     0x080032e3   Thumb Code    42  tasks.o(.text)
    .text                                    0x08003854   Section        0  timers.o(.text)
    prvInsertTimerInActiveList               0x08003855   Thumb Code    80  timers.o(.text)
    prvSwitchTimerLists                      0x0800391b   Thumb Code   140  timers.o(.text)
    prvSampleTimeNow                         0x080039a7   Thumb Code    40  timers.o(.text)
    prvProcessReceivedCommands               0x080039cf   Thumb Code   254  timers.o(.text)
    prvProcessExpiredTimer                   0x08003acd   Thumb Code    84  timers.o(.text)
    prvProcessTimerOrBlockTask               0x08003b21   Thumb Code   102  timers.o(.text)
    prvGetNextExpireTime                     0x08003b87   Thumb Code    36  timers.o(.text)
    prvTimerTask                             0x08003bab   Thumb Code    26  timers.o(.text)
    prvCheckForValidListAndQueue             0x08003bc5   Thumb Code    72  timers.o(.text)
    prvInitialiseNewTimer                    0x08003c45   Thumb Code   166  timers.o(.text)
    .text                                    0x08003e94   Section        0  heap_4.o(.text)
    prvInsertBlockIntoFreeList               0x08003e95   Thumb Code    96  heap_4.o(.text)
    prvHeapInit                              0x08003ef5   Thumb Code    98  heap_4.o(.text)
    .text                                    0x08004134   Section        0  port.o(.text)
    prvTaskExitError                         0x08004135   Thumb Code    50  port.o(.text)
    .text                                    0x08004428   Section        0  main.o(.text)
    .text                                    0x08004544   Section        0  stm32f4xx_it.o(.text)
    .text                                    0x08004558   Section        0  system_stm32f4xx.o(.text)
    SetSysClock                              0x08004559   Thumb Code   220  system_stm32f4xx.o(.text)
    .text                                    0x08004768   Section        0  memcpya.o(.text)
    .text                                    0x0800478c   Section        0  memseta.o(.text)
    .text                                    0x080047b0   Section        0  strlen.o(.text)
    .text                                    0x080047be   Section        0  strcpy.o(.text)
    .text                                    0x080047d0   Section        0  f2d.o(.text)
    .text                                    0x080047f6   Section        0  uidiv.o(.text)
    .text                                    0x08004822   Section        0  uldiv.o(.text)
    .text                                    0x08004884   Section        0  iusefp.o(.text)
    .text                                    0x08004884   Section        0  dadd.o(.text)
    .text                                    0x080049d2   Section        0  dmul.o(.text)
    .text                                    0x08004ab6   Section        0  ddiv.o(.text)
    .text                                    0x08004b94   Section        0  dfixul.o(.text)
    .text                                    0x08004bc4   Section       48  cdrcmple.o(.text)
    .text                                    0x08004bf4   Section       36  init.o(.text)
    .text                                    0x08004c18   Section        0  llshl.o(.text)
    .text                                    0x08004c36   Section        0  llushr.o(.text)
    .text                                    0x08004c56   Section        0  llsshr.o(.text)
    .text                                    0x08004c7a   Section        0  depilogue.o(.text)
    i.__0printf                              0x08004d34   Section        0  printfa.o(i.__0printf)
    i.__0sprintf                             0x08004d54   Section        0  printfa.o(i.__0sprintf)
    i.__scatterload_copy                     0x08004d7c   Section       14  handlers.o(i.__scatterload_copy)
    i.__scatterload_null                     0x08004d8a   Section        2  handlers.o(i.__scatterload_null)
    i.__scatterload_zeroinit                 0x08004d8c   Section       14  handlers.o(i.__scatterload_zeroinit)
    i._fp_digits                             0x08004d9c   Section        0  printfa.o(i._fp_digits)
    _fp_digits                               0x08004d9d   Thumb Code   366  printfa.o(i._fp_digits)
    i._printf_core                           0x08004f20   Section        0  printfa.o(i._printf_core)
    _printf_core                             0x08004f21   Thumb Code  1744  printfa.o(i._printf_core)
    i._printf_post_padding                   0x080055fc   Section        0  printfa.o(i._printf_post_padding)
    _printf_post_padding                     0x080055fd   Thumb Code    36  printfa.o(i._printf_post_padding)
    i._printf_pre_padding                    0x08005620   Section        0  printfa.o(i._printf_pre_padding)
    _printf_pre_padding                      0x08005621   Thumb Code    46  printfa.o(i._printf_pre_padding)
    i._sputc                                 0x0800564e   Section        0  printfa.o(i._sputc)
    _sputc                                   0x0800564f   Thumb Code    10  printfa.o(i._sputc)
    .data                                    0x20000000   Section       16  stm32f4xx_rcc.o(.data)
    APBAHBPrescTable                         0x20000000   Data          16  stm32f4xx_rcc.o(.data)
    .data                                    0x20000010   Section        4  delay.o(.data)
    fac_us                                   0x20000010   Data           1  delay.o(.data)
    fac_ms                                   0x20000012   Data           2  delay.o(.data)
    .data                                    0x20000014   Section       60  tasks.o(.data)
    pxDelayedTaskList                        0x20000018   Data           4  tasks.o(.data)
    pxOverflowDelayedTaskList                0x2000001c   Data           4  tasks.o(.data)
    uxDeletedTasksWaitingCleanUp             0x20000020   Data           4  tasks.o(.data)
    uxCurrentNumberOfTasks                   0x20000024   Data           4  tasks.o(.data)
    xTickCount                               0x20000028   Data           4  tasks.o(.data)
    uxTopReadyPriority                       0x2000002c   Data           4  tasks.o(.data)
    xSchedulerRunning                        0x20000030   Data           4  tasks.o(.data)
    uxPendedTicks                            0x20000034   Data           4  tasks.o(.data)
    xYieldPending                            0x20000038   Data           4  tasks.o(.data)
    xNumOfOverflows                          0x2000003c   Data           4  tasks.o(.data)
    uxTaskNumber                             0x20000040   Data           4  tasks.o(.data)
    xNextTaskUnblockTime                     0x20000044   Data           4  tasks.o(.data)
    xIdleTaskHandle                          0x20000048   Data           4  tasks.o(.data)
    uxSchedulerSuspended                     0x2000004c   Data           4  tasks.o(.data)
    .data                                    0x20000050   Section       20  timers.o(.data)
    pxCurrentTimerList                       0x20000050   Data           4  timers.o(.data)
    pxOverflowTimerList                      0x20000054   Data           4  timers.o(.data)
    xTimerQueue                              0x20000058   Data           4  timers.o(.data)
    xTimerTaskHandle                         0x2000005c   Data           4  timers.o(.data)
    xLastTime                                0x20000060   Data           4  timers.o(.data)
    .data                                    0x20000064   Section       24  heap_4.o(.data)
    xStart                                   0x20000064   Data           8  heap_4.o(.data)
    pxEnd                                    0x2000006c   Data           4  heap_4.o(.data)
    xFreeBytesRemaining                      0x20000070   Data           4  heap_4.o(.data)
    xMinimumEverFreeBytesRemaining           0x20000074   Data           4  heap_4.o(.data)
    xBlockAllocatedBit                       0x20000078   Data           4  heap_4.o(.data)
    .data                                    0x2000007c   Section       12  port.o(.data)
    uxCriticalNesting                        0x2000007c   Data           4  port.o(.data)
    ucMaxSysCallPriority                     0x20000080   Data           1  port.o(.data)
    ulMaxPRIGROUPValue                       0x20000084   Data           4  port.o(.data)
    .data                                    0x20000088   Section       16  main.o(.data)
    float_num                                0x20000094   Data           4  main.o(.data)
    .data                                    0x20000098   Section       20  system_stm32f4xx.o(.data)
    .data                                    0x200000ac   Section        4  stdout.o(.data)
    .bss                                     0x200000b0   Section       64  queue.o(.bss)
    .bss                                     0x200000f0   Section      740  tasks.o(.bss)
    pxReadyTasksLists                        0x200000f0   Data         640  tasks.o(.bss)
    xDelayedTaskList1                        0x20000370   Data          20  tasks.o(.bss)
    xDelayedTaskList2                        0x20000384   Data          20  tasks.o(.bss)
    xPendingReadyList                        0x20000398   Data          20  tasks.o(.bss)
    xTasksWaitingTermination                 0x200003ac   Data          20  tasks.o(.bss)
    xSuspendedTaskList                       0x200003c0   Data          20  tasks.o(.bss)
    .bss                                     0x200003d4   Section       40  timers.o(.bss)
    xActiveTimerList1                        0x200003d4   Data          20  timers.o(.bss)
    xActiveTimerList2                        0x200003e8   Data          20  timers.o(.bss)
    .bss                                     0x200003fc   Section    20480  heap_4.o(.bss)
    ucHeap                                   0x200003fc   Data       20480  heap_4.o(.bss)
    STACK                                    0x20005400   Section     1024  startup_stm32f40_41xxx.o(STACK)

    Global Symbols

    Symbol Name                              Value     Ov Type        Size  Object(Section)

    BuildAttributes$$THM_ISAv4$E$P$D$K$B$S$7EM$VFPi3$EXTD16$VFPS$VFMA$PE$A:L22UL41UL21$X:L11$S22US41US21$IEEE1$IW$USESV6$~STKCKD$USESV7$~SHL$OSPACE$ROPI$EBA8$MICROLIB$REQ8$PRES8$EABIv2 0x00000000   Number         0  anon$$obj.o ABSOLUTE
    __ARM_use_no_argv                        0x00000000   Number         0  main.o ABSOLUTE
    _printf_a                                0x00000000   Number         0  stubs.o ABSOLUTE
    _printf_c                                0x00000000   Number         0  stubs.o ABSOLUTE
    _printf_charcount                        0x00000000   Number         0  stubs.o ABSOLUTE
    _printf_d                                0x00000000   Number         0  stubs.o ABSOLUTE
    _printf_e                                0x00000000   Number         0  stubs.o ABSOLUTE
    _printf_f                                0x00000000   Number         0  stubs.o ABSOLUTE
    _printf_flags                            0x00000000   Number         0  stubs.o ABSOLUTE
    _printf_fp_dec                           0x00000000   Number         0  stubs.o ABSOLUTE
    _printf_fp_hex                           0x00000000   Number         0  stubs.o ABSOLUTE
    _printf_g                                0x00000000   Number         0  stubs.o ABSOLUTE
    _printf_i                                0x00000000   Number         0  stubs.o ABSOLUTE
    _printf_int_dec                          0x00000000   Number         0  stubs.o ABSOLUTE
    _printf_l                                0x00000000   Number         0  stubs.o ABSOLUTE
    _printf_lc                               0x00000000   Number         0  stubs.o ABSOLUTE
    _printf_ll                               0x00000000   Number         0  stubs.o ABSOLUTE
    _printf_lld                              0x00000000   Number         0  stubs.o ABSOLUTE
    _printf_lli                              0x00000000   Number         0  stubs.o ABSOLUTE
    _printf_llo                              0x00000000   Number         0  stubs.o ABSOLUTE
    _printf_llu                              0x00000000   Number         0  stubs.o ABSOLUTE
    _printf_llx                              0x00000000   Number         0  stubs.o ABSOLUTE
    _printf_longlong_dec                     0x00000000   Number         0  stubs.o ABSOLUTE
    _printf_longlong_hex                     0x00000000   Number         0  stubs.o ABSOLUTE
    _printf_longlong_oct                     0x00000000   Number         0  stubs.o ABSOLUTE
    _printf_ls                               0x00000000   Number         0  stubs.o ABSOLUTE
    _printf_mbtowc                           0x00000000   Number         0  stubs.o ABSOLUTE
    _printf_n                                0x00000000   Number         0  stubs.o ABSOLUTE
    _printf_o                                0x00000000   Number         0  stubs.o ABSOLUTE
    _printf_p                                0x00000000   Number         0  stubs.o ABSOLUTE
    _printf_percent                          0x00000000   Number         0  stubs.o ABSOLUTE
    _printf_pre_padding                      0x00000000   Number         0  stubs.o ABSOLUTE
    _printf_return_value                     0x00000000   Number         0  stubs.o ABSOLUTE
    _printf_s                                0x00000000   Number         0  stubs.o ABSOLUTE
    _printf_sizespec                         0x00000000   Number         0  stubs.o ABSOLUTE
    _printf_str                              0x00000000   Number         0  stubs.o ABSOLUTE
    _printf_truncate_signed                  0x00000000   Number         0  stubs.o ABSOLUTE
    _printf_truncate_unsigned                0x00000000   Number         0  stubs.o ABSOLUTE
    _printf_u                                0x00000000   Number         0  stubs.o ABSOLUTE
    _printf_wc                               0x00000000   Number         0  stubs.o ABSOLUTE
    _printf_wctomb                           0x00000000   Number         0  stubs.o ABSOLUTE
    _printf_widthprec                        0x00000000   Number         0  stubs.o ABSOLUTE
    _printf_x                                0x00000000   Number         0  stubs.o ABSOLUTE
    __cpp_initialize__aeabi_                  - Undefined Weak Reference
    __cxa_finalize                            - Undefined Weak Reference
    __decompress                              - Undefined Weak Reference
    _clock_init                               - Undefined Weak Reference
    _microlib_exit                            - Undefined Weak Reference
    __Vectors_Size                           0x00000188   Number         0  startup_stm32f40_41xxx.o ABSOLUTE
    __Vectors                                0x08000000   Data           4  startup_stm32f40_41xxx.o(RESET)
    __Vectors_End                            0x08000188   Data           0  startup_stm32f40_41xxx.o(RESET)
    __main                                   0x08000189   Thumb Code     0  entry.o(.ARM.Collect$$$$00000000)
    _main_stk                                0x08000189   Thumb Code     0  entry2.o(.ARM.Collect$$$$00000001)
    _main_scatterload                        0x0800018d   Thumb Code     0  entry5.o(.ARM.Collect$$$$00000004)
    __main_after_scatterload                 0x08000191   Thumb Code     0  entry5.o(.ARM.Collect$$$$00000004)
    _main_clock                              0x08000191   Thumb Code     0  entry7b.o(.ARM.Collect$$$$00000008)
    _main_cpp_init                           0x08000191   Thumb Code     0  entry8b.o(.ARM.Collect$$$$0000000A)
    _main_init                               0x08000191   Thumb Code     0  entry9a.o(.ARM.Collect$$$$0000000B)
    __rt_final_cpp                           0x08000199   Thumb Code     0  entry10a.o(.ARM.Collect$$$$0000000D)
    __rt_final_exit                          0x08000199   Thumb Code     0  entry11a.o(.ARM.Collect$$$$0000000F)
    SVC_Handler                              0x0800019d   Thumb Code    28  port.o(.emb_text)
    __asm___6_port_c_39a90d8d__prvStartFirstTask 0x080001bd   Thumb Code    28  port.o(.emb_text)
    __asm___6_port_c_39a90d8d__prvEnableVFP  0x080001dd   Thumb Code    16  port.o(.emb_text)
    PendSV_Handler                           0x080001f1   Thumb Code    88  port.o(.emb_text)
    vPortGetIPSR                             0x0800024d   Thumb Code     6  port.o(.emb_text)
    Reset_Handler                            0x08000255   Thumb Code     8  startup_stm32f40_41xxx.o(.text)
    ADC_IRQHandler                           0x0800026f   Thumb Code     0  startup_stm32f40_41xxx.o(.text)
    CAN1_RX0_IRQHandler                      0x0800026f   Thumb Code     0  startup_stm32f40_41xxx.o(.text)
    CAN1_RX1_IRQHandler                      0x0800026f   Thumb Code     0  startup_stm32f40_41xxx.o(.text)
    CAN1_SCE_IRQHandler                      0x0800026f   Thumb Code     0  startup_stm32f40_41xxx.o(.text)
    CAN1_TX_IRQHandler                       0x0800026f   Thumb Code     0  startup_stm32f40_41xxx.o(.text)
    CAN2_RX0_IRQHandler                      0x0800026f   Thumb Code     0  startup_stm32f40_41xxx.o(.text)
    CAN2_RX1_IRQHandler                      0x0800026f   Thumb Code     0  startup_stm32f40_41xxx.o(.text)
    CAN2_SCE_IRQHandler                      0x0800026f   Thumb Code     0  startup_stm32f40_41xxx.o(.text)
    CAN2_TX_IRQHandler                       0x0800026f   Thumb Code     0  startup_stm32f40_41xxx.o(.text)
    CRYP_IRQHandler                          0x0800026f   Thumb Code     0  startup_stm32f40_41xxx.o(.text)
    DCMI_IRQHandler                          0x0800026f   Thumb Code     0  startup_stm32f40_41xxx.o(.text)
    DMA1_Stream0_IRQHandler                  0x0800026f   Thumb Code     0  startup_stm32f40_41xxx.o(.text)
    DMA1_Stream1_IRQHandler                  0x0800026f   Thumb Code     0  startup_stm32f40_41xxx.o(.text)
    DMA1_Stream2_IRQHandler                  0x0800026f   Thumb Code     0  startup_stm32f40_41xxx.o(.text)
    DMA1_Stream3_IRQHandler                  0x0800026f   Thumb Code     0  startup_stm32f40_41xxx.o(.text)
    DMA1_Stream4_IRQHandler                  0x0800026f   Thumb Code     0  startup_stm32f40_41xxx.o(.text)
    DMA1_Stream5_IRQHandler                  0x0800026f   Thumb Code     0  startup_stm32f40_41xxx.o(.text)
    DMA1_Stream6_IRQHandler                  0x0800026f   Thumb Code     0  startup_stm32f40_41xxx.o(.text)
    DMA1_Stream7_IRQHandler                  0x0800026f   Thumb Code     0  startup_stm32f40_41xxx.o(.text)
    DMA2_Stream0_IRQHandler                  0x0800026f   Thumb Code     0  startup_stm32f40_41xxx.o(.text)
    DMA2_Stream1_IRQHandler                  0x0800026f   Thumb Code     0  startup_stm32f40_41xxx.o(.text)
    DMA2_Stream2_IRQHandler                  0x0800026f   Thumb Code     0  startup_stm32f40_41xxx.o(.text)
    DMA2_Stream3_IRQHandler                  0x0800026f   Thumb Code     0  startup_stm32f40_41xxx.o(.text)
    DMA2_Stream4_IRQHandler                  0x0800026f   Thumb Code     0  startup_stm32f40_41xxx.o(.text)
    DMA2_Stream5_IRQHandler                  0x0800026f   Thumb Code     0  startup_stm32f40_41xxx.o(.text)
    DMA2_Stream6_IRQHandler                  0x0800026f   Thumb Code     0  startup_stm32f40_41xxx.o(.text)
    DMA2_Stream7_IRQHandler                  0x0800026f   Thumb Code     0  startup_stm32f40_41xxx.o(.text)
    ETH_IRQHandler                           0x0800026f   Thumb Code     0  startup_stm32f40_41xxx.o(.text)
    ETH_WKUP_IRQHandler                      0x0800026f   Thumb Code     0  startup_stm32f40_41xxx.o(.text)
    EXTI0_IRQHandler                         0x0800026f   Thumb Code     0  startup_stm32f40_41xxx.o(.text)
    EXTI15_10_IRQHandler                     0x0800026f   Thumb Code     0  startup_stm32f40_41xxx.o(.text)
    EXTI1_IRQHandler                         0x0800026f   Thumb Code     0  startup_stm32f40_41xxx.o(.text)
    EXTI2_IRQHandler                         0x0800026f   Thumb Code     0  startup_stm32f40_41xxx.o(.text)
    EXTI3_IRQHandler                         0x0800026f   Thumb Code     0  startup_stm32f40_41xxx.o(.text)
    EXTI4_IRQHandler                         0x0800026f   Thumb Code     0  startup_stm32f40_41xxx.o(.text)
    EXTI9_5_IRQHandler                       0x0800026f   Thumb Code     0  startup_stm32f40_41xxx.o(.text)
    FLASH_IRQHandler                         0x0800026f   Thumb Code     0  startup_stm32f40_41xxx.o(.text)
    FPU_IRQHandler                           0x0800026f   Thumb Code     0  startup_stm32f40_41xxx.o(.text)
    FSMC_IRQHandler                          0x0800026f   Thumb Code     0  startup_stm32f40_41xxx.o(.text)
    HASH_RNG_IRQHandler                      0x0800026f   Thumb Code     0  startup_stm32f40_41xxx.o(.text)
    I2C1_ER_IRQHandler                       0x0800026f   Thumb Code     0  startup_stm32f40_41xxx.o(.text)
    I2C1_EV_IRQHandler                       0x0800026f   Thumb Code     0  startup_stm32f40_41xxx.o(.text)
    I2C2_ER_IRQHandler                       0x0800026f   Thumb Code     0  startup_stm32f40_41xxx.o(.text)
    I2C2_EV_IRQHandler                       0x0800026f   Thumb Code     0  startup_stm32f40_41xxx.o(.text)
    I2C3_ER_IRQHandler                       0x0800026f   Thumb Code     0  startup_stm32f40_41xxx.o(.text)
    I2C3_EV_IRQHandler                       0x0800026f   Thumb Code     0  startup_stm32f40_41xxx.o(.text)
    OTG_FS_IRQHandler                        0x0800026f   Thumb Code     0  startup_stm32f40_41xxx.o(.text)
    OTG_FS_WKUP_IRQHandler                   0x0800026f   Thumb Code     0  startup_stm32f40_41xxx.o(.text)
    OTG_HS_EP1_IN_IRQHandler                 0x0800026f   Thumb Code     0  startup_stm32f40_41xxx.o(.text)
    OTG_HS_EP1_OUT_IRQHandler                0x0800026f   Thumb Code     0  startup_stm32f40_41xxx.o(.text)
    OTG_HS_IRQHandler                        0x0800026f   Thumb Code     0  startup_stm32f40_41xxx.o(.text)
    OTG_HS_WKUP_IRQHandler                   0x0800026f   Thumb Code     0  startup_stm32f40_41xxx.o(.text)
    PVD_IRQHandler                           0x0800026f   Thumb Code     0  startup_stm32f40_41xxx.o(.text)
    RCC_IRQHandler                           0x0800026f   Thumb Code     0  startup_stm32f40_41xxx.o(.text)
    RTC_Alarm_IRQHandler                     0x0800026f   Thumb Code     0  startup_stm32f40_41xxx.o(.text)
    RTC_WKUP_IRQHandler                      0x0800026f   Thumb Code     0  startup_stm32f40_41xxx.o(.text)
    SDIO_IRQHandler                          0x0800026f   Thumb Code     0  startup_stm32f40_41xxx.o(.text)
    SPI1_IRQHandler                          0x0800026f   Thumb Code     0  startup_stm32f40_41xxx.o(.text)
    SPI2_IRQHandler                          0x0800026f   Thumb Code     0  startup_stm32f40_41xxx.o(.text)
    SPI3_IRQHandler                          0x0800026f   Thumb Code     0  startup_stm32f40_41xxx.o(.text)
    TAMP_STAMP_IRQHandler                    0x0800026f   Thumb Code     0  startup_stm32f40_41xxx.o(.text)
    TIM1_BRK_TIM9_IRQHandler                 0x0800026f   Thumb Code     0  startup_stm32f40_41xxx.o(.text)
    TIM1_CC_IRQHandler                       0x0800026f   Thumb Code     0  startup_stm32f40_41xxx.o(.text)
    TIM1_TRG_COM_TIM11_IRQHandler            0x0800026f   Thumb Code     0  startup_stm32f40_41xxx.o(.text)
    TIM1_UP_TIM10_IRQHandler                 0x0800026f   Thumb Code     0  startup_stm32f40_41xxx.o(.text)
    TIM2_IRQHandler                          0x0800026f   Thumb Code     0  startup_stm32f40_41xxx.o(.text)
    TIM3_IRQHandler                          0x0800026f   Thumb Code     0  startup_stm32f40_41xxx.o(.text)
    TIM4_IRQHandler                          0x0800026f   Thumb Code     0  startup_stm32f40_41xxx.o(.text)
    TIM5_IRQHandler                          0x0800026f   Thumb Code     0  startup_stm32f40_41xxx.o(.text)
    TIM6_DAC_IRQHandler                      0x0800026f   Thumb Code     0  startup_stm32f40_41xxx.o(.text)
    TIM7_IRQHandler                          0x0800026f   Thumb Code     0  startup_stm32f40_41xxx.o(.text)
    TIM8_BRK_TIM12_IRQHandler                0x0800026f   Thumb Code     0  startup_stm32f40_41xxx.o(.text)
    TIM8_CC_IRQHandler                       0x0800026f   Thumb Code     0  startup_stm32f40_41xxx.o(.text)
    TIM8_TRG_COM_TIM14_IRQHandler            0x0800026f   Thumb Code     0  startup_stm32f40_41xxx.o(.text)
    TIM8_UP_TIM13_IRQHandler                 0x0800026f   Thumb Code     0  startup_stm32f40_41xxx.o(.text)
    UART4_IRQHandler                         0x0800026f   Thumb Code     0  startup_stm32f40_41xxx.o(.text)
    UART5_IRQHandler                         0x0800026f   Thumb Code     0  startup_stm32f40_41xxx.o(.text)
    USART1_IRQHandler                        0x0800026f   Thumb Code     0  startup_stm32f40_41xxx.o(.text)
    USART2_IRQHandler                        0x0800026f   Thumb Code     0  startup_stm32f40_41xxx.o(.text)
    USART3_IRQHandler                        0x0800026f   Thumb Code     0  startup_stm32f40_41xxx.o(.text)
    USART6_IRQHandler                        0x0800026f   Thumb Code     0  startup_stm32f40_41xxx.o(.text)
    WWDG_IRQHandler                          0x0800026f   Thumb Code     0  startup_stm32f40_41xxx.o(.text)
    NVIC_PriorityGroupConfig                 0x08000279   Thumb Code    10  misc.o(.text)
    NVIC_Init                                0x08000283   Thumb Code   106  misc.o(.text)
    NVIC_SetVectorTable                      0x080002ed   Thumb Code    14  misc.o(.text)
    NVIC_SystemLPConfig                      0x080002fb   Thumb Code    34  misc.o(.text)
    SysTick_CLKSourceConfig                  0x0800031d   Thumb Code    40  misc.o(.text)
    GPIO_DeInit                              0x08000359   Thumb Code   268  stm32f4xx_gpio.o(.text)
    GPIO_Init                                0x08000465   Thumb Code   144  stm32f4xx_gpio.o(.text)
    GPIO_StructInit                          0x080004f5   Thumb Code    18  stm32f4xx_gpio.o(.text)
    GPIO_PinLockConfig                       0x08000507   Thumb Code    34  stm32f4xx_gpio.o(.text)
    GPIO_ReadInputDataBit                    0x08000529   Thumb Code    18  stm32f4xx_gpio.o(.text)
    GPIO_ReadInputData                       0x0800053b   Thumb Code     8  stm32f4xx_gpio.o(.text)
    GPIO_ReadOutputDataBit                   0x08000543   Thumb Code    18  stm32f4xx_gpio.o(.text)
    GPIO_ReadOutputData                      0x08000555   Thumb Code     8  stm32f4xx_gpio.o(.text)
    GPIO_SetBits                             0x0800055d   Thumb Code     4  stm32f4xx_gpio.o(.text)
    GPIO_ResetBits                           0x08000561   Thumb Code     4  stm32f4xx_gpio.o(.text)
    GPIO_WriteBit                            0x08000565   Thumb Code    10  stm32f4xx_gpio.o(.text)
    GPIO_Write                               0x0800056f   Thumb Code     4  stm32f4xx_gpio.o(.text)
    GPIO_ToggleBits                          0x08000573   Thumb Code     8  stm32f4xx_gpio.o(.text)
    GPIO_PinAFConfig                         0x0800057b   Thumb Code    70  stm32f4xx_gpio.o(.text)
    RCC_DeInit                               0x080005ed   Thumb Code    82  stm32f4xx_rcc.o(.text)
    RCC_HSEConfig                            0x0800063f   Thumb Code    14  stm32f4xx_rcc.o(.text)
    RCC_GetFlagStatus                        0x0800064d   Thumb Code    60  stm32f4xx_rcc.o(.text)
    RCC_WaitForHSEStartUp                    0x08000689   Thumb Code    56  stm32f4xx_rcc.o(.text)
    RCC_AdjustHSICalibrationValue            0x080006c1   Thumb Code    20  stm32f4xx_rcc.o(.text)
    RCC_HSICmd                               0x080006d5   Thumb Code     6  stm32f4xx_rcc.o(.text)
    RCC_LSEConfig                            0x080006db   Thumb Code    46  stm32f4xx_rcc.o(.text)
    RCC_LSICmd                               0x08000709   Thumb Code     6  stm32f4xx_rcc.o(.text)
    RCC_PLLConfig                            0x0800070f   Thumb Code    32  stm32f4xx_rcc.o(.text)
    RCC_PLLCmd                               0x0800072f   Thumb Code     6  stm32f4xx_rcc.o(.text)
    RCC_PLLI2SConfig                         0x08000735   Thumb Code    14  stm32f4xx_rcc.o(.text)
    RCC_PLLI2SCmd                            0x08000743   Thumb Code     6  stm32f4xx_rcc.o(.text)
    RCC_PLLSAIConfig                         0x08000749   Thumb Code    20  stm32f4xx_rcc.o(.text)
    RCC_PLLSAICmd                            0x0800075d   Thumb Code     6  stm32f4xx_rcc.o(.text)
    RCC_ClockSecuritySystemCmd               0x08000763   Thumb Code     6  stm32f4xx_rcc.o(.text)
    RCC_MCO1Config                           0x08000769   Thumb Code    28  stm32f4xx_rcc.o(.text)
    RCC_MCO2Config                           0x08000785   Thumb Code    28  stm32f4xx_rcc.o(.text)
    RCC_SYSCLKConfig                         0x080007a1   Thumb Code    20  stm32f4xx_rcc.o(.text)
    RCC_GetSYSCLKSource                      0x080007b5   Thumb Code    12  stm32f4xx_rcc.o(.text)
    RCC_HCLKConfig                           0x080007c1   Thumb Code    20  stm32f4xx_rcc.o(.text)
    RCC_PCLK1Config                          0x080007d5   Thumb Code    20  stm32f4xx_rcc.o(.text)
    RCC_PCLK2Config                          0x080007e9   Thumb Code    22  stm32f4xx_rcc.o(.text)
    RCC_GetClocksFreq                        0x080007ff   Thumb Code   222  stm32f4xx_rcc.o(.text)
    RCC_RTCCLKConfig                         0x080008dd   Thumb Code    54  stm32f4xx_rcc.o(.text)
    RCC_RTCCLKCmd                            0x08000913   Thumb Code     8  stm32f4xx_rcc.o(.text)
    RCC_BackupResetCmd                       0x0800091b   Thumb Code     8  stm32f4xx_rcc.o(.text)
    RCC_I2SCLKConfig                         0x08000923   Thumb Code     6  stm32f4xx_rcc.o(.text)
    RCC_SAIPLLI2SClkDivConfig                0x08000929   Thumb Code    26  stm32f4xx_rcc.o(.text)
    RCC_SAIPLLSAIClkDivConfig                0x08000943   Thumb Code    28  stm32f4xx_rcc.o(.text)
    RCC_SAIBlockACLKConfig                   0x0800095f   Thumb Code    20  stm32f4xx_rcc.o(.text)
    RCC_SAIBlockBCLKConfig                   0x08000973   Thumb Code    20  stm32f4xx_rcc.o(.text)
    RCC_LTDCCLKDivConfig                     0x08000987   Thumb Code    20  stm32f4xx_rcc.o(.text)
    RCC_TIMCLKPresConfig                     0x0800099b   Thumb Code     6  stm32f4xx_rcc.o(.text)
    RCC_AHB1PeriphClockCmd                   0x080009a1   Thumb Code    34  stm32f4xx_rcc.o(.text)
    RCC_AHB2PeriphClockCmd                   0x080009c3   Thumb Code    78  stm32f4xx_rcc.o(.text)
    RCC_AHB3PeriphClockCmd                   0x08000a11   Thumb Code    34  stm32f4xx_rcc.o(.text)
    RCC_APB1PeriphClockCmd                   0x08000a33   Thumb Code    34  stm32f4xx_rcc.o(.text)
    RCC_APB2PeriphClockCmd                   0x08000a55   Thumb Code    34  stm32f4xx_rcc.o(.text)
    RCC_AHB1PeriphResetCmd                   0x08000a77   Thumb Code    34  stm32f4xx_rcc.o(.text)
    RCC_AHB2PeriphResetCmd                   0x08000a99   Thumb Code    34  stm32f4xx_rcc.o(.text)
    RCC_AHB3PeriphResetCmd                   0x08000abb   Thumb Code    34  stm32f4xx_rcc.o(.text)
    RCC_APB1PeriphResetCmd                   0x08000add   Thumb Code    34  stm32f4xx_rcc.o(.text)
    RCC_APB2PeriphResetCmd                   0x08000aff   Thumb Code    34  stm32f4xx_rcc.o(.text)
    RCC_AHB1PeriphClockLPModeCmd             0x08000b21   Thumb Code    34  stm32f4xx_rcc.o(.text)
    RCC_AHB2PeriphClockLPModeCmd             0x08000b43   Thumb Code    34  stm32f4xx_rcc.o(.text)
    RCC_AHB3PeriphClockLPModeCmd             0x08000b65   Thumb Code    34  stm32f4xx_rcc.o(.text)
    RCC_APB1PeriphClockLPModeCmd             0x08000b87   Thumb Code    34  stm32f4xx_rcc.o(.text)
    RCC_APB2PeriphClockLPModeCmd             0x08000ba9   Thumb Code    34  stm32f4xx_rcc.o(.text)
    RCC_LSEModeConfig                        0x08000bcb   Thumb Code    40  stm32f4xx_rcc.o(.text)
    RCC_ITConfig                             0x08000bf3   Thumb Code    34  stm32f4xx_rcc.o(.text)
    RCC_ClearFlag                            0x08000c15   Thumb Code    18  stm32f4xx_rcc.o(.text)
    RCC_GetITStatus                          0x08000c27   Thumb Code    22  stm32f4xx_rcc.o(.text)
    RCC_ClearITPendingBit                    0x08000c3d   Thumb Code     8  stm32f4xx_rcc.o(.text)
    USART_DeInit                             0x08000c49   Thumb Code   206  stm32f4xx_usart.o(.text)
    USART_Init                               0x08000d17   Thumb Code   204  stm32f4xx_usart.o(.text)
    USART_StructInit                         0x08000de3   Thumb Code    24  stm32f4xx_usart.o(.text)
    USART_ClockInit                          0x08000dfb   Thumb Code    32  stm32f4xx_usart.o(.text)
    USART_ClockStructInit                    0x08000e1b   Thumb Code    12  stm32f4xx_usart.o(.text)
    USART_Cmd                                0x08000e27   Thumb Code    24  stm32f4xx_usart.o(.text)
    USART_SetPrescaler                       0x08000e3f   Thumb Code    16  stm32f4xx_usart.o(.text)
    USART_OverSampling8Cmd                   0x08000e4f   Thumb Code    22  stm32f4xx_usart.o(.text)
    USART_OneBitMethodCmd                    0x08000e65   Thumb Code    24  stm32f4xx_usart.o(.text)
    USART_SendData                           0x08000e7d   Thumb Code     8  stm32f4xx_usart.o(.text)
    USART_ReceiveData                        0x08000e85   Thumb Code    10  stm32f4xx_usart.o(.text)
    USART_SetAddress                         0x08000e8f   Thumb Code    18  stm32f4xx_usart.o(.text)
    USART_ReceiverWakeUpCmd                  0x08000ea1   Thumb Code    24  stm32f4xx_usart.o(.text)
    USART_WakeUpConfig                       0x08000eb9   Thumb Code    18  stm32f4xx_usart.o(.text)
    USART_LINBreakDetectLengthConfig         0x08000ecb   Thumb Code    18  stm32f4xx_usart.o(.text)
    USART_LINCmd                             0x08000edd   Thumb Code    24  stm32f4xx_usart.o(.text)
    USART_SendBreak                          0x08000ef5   Thumb Code    10  stm32f4xx_usart.o(.text)
    USART_HalfDuplexCmd                      0x08000eff   Thumb Code    24  stm32f4xx_usart.o(.text)
    USART_SetGuardTime                       0x08000f17   Thumb Code    16  stm32f4xx_usart.o(.text)
    USART_SmartCardCmd                       0x08000f27   Thumb Code    24  stm32f4xx_usart.o(.text)
    USART_SmartCardNACKCmd                   0x08000f3f   Thumb Code    24  stm32f4xx_usart.o(.text)
    USART_IrDAConfig                         0x08000f57   Thumb Code    18  stm32f4xx_usart.o(.text)
    USART_IrDACmd                            0x08000f69   Thumb Code    24  stm32f4xx_usart.o(.text)
    USART_DMACmd                             0x08000f81   Thumb Code    18  stm32f4xx_usart.o(.text)
    USART_ITConfig                           0x08000f93   Thumb Code    74  stm32f4xx_usart.o(.text)
    USART_GetFlagStatus                      0x08000fdd   Thumb Code    26  stm32f4xx_usart.o(.text)
    USART_ClearFlag                          0x08000ff7   Thumb Code    18  stm32f4xx_usart.o(.text)
    USART_GetITStatus                        0x08001009   Thumb Code   118  stm32f4xx_usart.o(.text)
    USART_ClearITPendingBit                  0x0800107f   Thumb Code    30  stm32f4xx_usart.o(.text)
    SysTick_Handler                          0x0800109d   Thumb Code    16  delay.o(.text)
    delay_init                               0x080010ad   Thumb Code    58  delay.o(.text)
    delay_us                                 0x080010e7   Thumb Code    68  delay.o(.text)
    delay_ms                                 0x0800112b   Thumb Code    60  delay.o(.text)
    delay_xms                                0x08001167   Thumb Code    24  delay.o(.text)
    uart_init                                0x08001189   Thumb Code   140  usart.o(.text)
    fputc                                    0x08001215   Thumb Code    32  usart.o(.text)
    fgetc                                    0x08001235   Thumb Code    26  usart.o(.text)
    LED_Init                                 0x08001259   Thumb Code    54  led.o(.text)
    vListInitialise                          0x08001295   Thumb Code    26  list.o(.text)
    vListInitialiseItem                      0x080012af   Thumb Code     6  list.o(.text)
    vListInsertEnd                           0x080012b5   Thumb Code    24  list.o(.text)
    vListInsert                              0x080012cd   Thumb Code    52  list.o(.text)
    uxListRemove                             0x08001301   Thumb Code    40  list.o(.text)
    xQueueGenericReset                       0x08001329   Thumb Code   136  queue.o(.text)
    xQueueGenericCreate                      0x080013df   Thumb Code    78  queue.o(.text)
    xQueueGenericSend                        0x080015d5   Thumb Code   456  queue.o(.text)
    xQueueCreateMutex                        0x080017b9   Thumb Code    34  queue.o(.text)
    xQueueGiveMutexRecursive                 0x080017db   Thumb Code    66  queue.o(.text)
    xQueueGenericReceive                     0x08001861   Thumb Code   428  queue.o(.text)
    xQueueTakeMutexRecursive                 0x08001a0d   Thumb Code    76  queue.o(.text)
    xQueueCreateCountingSemaphore            0x08001a59   Thumb Code    80  queue.o(.text)
    xQueueGenericSendFromISR                 0x08001aa9   Thumb Code   252  queue.o(.text)
    xQueueGiveFromISR                        0x08001ba5   Thumb Code   228  queue.o(.text)
    xQueueReceiveFromISR                     0x08001c89   Thumb Code   190  queue.o(.text)
    xQueuePeekFromISR                        0x08001d47   Thumb Code   158  queue.o(.text)
    uxQueueMessagesWaiting                   0x08001de5   Thumb Code    36  queue.o(.text)
    uxQueueSpacesAvailable                   0x08001e09   Thumb Code    42  queue.o(.text)
    uxQueueMessagesWaitingFromISR            0x08001e33   Thumb Code    28  queue.o(.text)
    vQueueUnregisterQueue                    0x08001e4f   Thumb Code    44  queue.o(.text)
    vQueueDelete                             0x08001e7b   Thumb Code    38  queue.o(.text)
    uxQueueGetQueueNumber                    0x08001ea1   Thumb Code     6  queue.o(.text)
    vQueueSetQueueNumber                     0x08001ea7   Thumb Code     4  queue.o(.text)
    ucQueueGetQueueType                      0x08001eab   Thumb Code     8  queue.o(.text)
    xQueueIsQueueEmptyFromISR                0x08001eb3   Thumb Code    36  queue.o(.text)
    xQueueIsQueueFullFromISR                 0x08001ed7   Thumb Code    40  queue.o(.text)
    vQueueAddToRegistry                      0x08001eff   Thumb Code    38  queue.o(.text)
    pcQueueGetName                           0x08001f25   Thumb Code    38  queue.o(.text)
    vQueueWaitForMessageRestricted           0x08001f4b   Thumb Code    74  queue.o(.text)
    xQueueCreateSet                          0x08001f95   Thumb Code    20  queue.o(.text)
    xQueueAddToSet                           0x08001fa9   Thumb Code    38  queue.o(.text)
    xQueueRemoveFromSet                      0x08001fcf   Thumb Code    48  queue.o(.text)
    xQueueSelectFromSet                      0x08001fff   Thumb Code    26  queue.o(.text)
    xQueueSelectFromSetFromISR               0x08002019   Thumb Code    22  queue.o(.text)
    xTaskCreate                              0x080021c1   Thumb Code    96  tasks.o(.text)
    vTaskDelete                              0x0800225d   Thumb Code   192  tasks.o(.text)
    xTaskIncrementTick                       0x0800231d   Thumb Code   392  tasks.o(.text)
    xTaskResumeAll                           0x080024a5   Thumb Code   218  tasks.o(.text)
    vTaskSuspendAll                          0x080025fb   Thumb Code    12  tasks.o(.text)
    vTaskDelayUntil                          0x08002607   Thumb Code   182  tasks.o(.text)
    vTaskDelay                               0x080026bd   Thumb Code    76  tasks.o(.text)
    eTaskGetState                            0x08002709   Thumb Code   106  tasks.o(.text)
    uxTaskPriorityGet                        0x08002773   Thumb Code    30  tasks.o(.text)
    uxTaskPriorityGetFromISR                 0x08002791   Thumb Code    62  tasks.o(.text)
    vTaskPrioritySet                         0x080027cf   Thumb Code   320  tasks.o(.text)
    vTaskSwitchContext                       0x0800290f   Thumb Code   114  tasks.o(.text)
    vTaskSuspend                             0x08002981   Thumb Code   190  tasks.o(.text)
    vTaskResume                              0x08002a8b   Thumb Code   122  tasks.o(.text)
    xTaskResumeFromISR                       0x08002b05   Thumb Code   152  tasks.o(.text)
    vTaskStartScheduler                      0x08002c13   Thumb Code   112  tasks.o(.text)
    vTaskEndScheduler                        0x08002c83   Thumb Code    32  tasks.o(.text)
    xTaskGetTickCount                        0x08002ca3   Thumb Code     6  tasks.o(.text)
    xTaskGetTickCountFromISR                 0x08002ca9   Thumb Code    16  tasks.o(.text)
    uxTaskGetNumberOfTasks                   0x08002cb9   Thumb Code     6  tasks.o(.text)
    pcTaskGetName                            0x08002cbf   Thumb Code   114  tasks.o(.text)
    vTaskGetInfo                             0x08002d47   Thumb Code   114  tasks.o(.text)
    uxTaskGetSystemState                     0x08002e23   Thumb Code   152  tasks.o(.text)
    vTaskPlaceOnEventList                    0x08002ebb   Thumb Code    46  tasks.o(.text)
    vTaskPlaceOnUnorderedEventList           0x08002ee9   Thumb Code    88  tasks.o(.text)
    vTaskPlaceOnEventListRestricted          0x08002f41   Thumb Code    54  tasks.o(.text)
    xTaskRemoveFromEventList                 0x08002f77   Thumb Code   122  tasks.o(.text)
    xTaskRemoveFromUnorderedEventList        0x08002ff1   Thumb Code   142  tasks.o(.text)
    vTaskSetTimeOutState                     0x0800307f   Thumb Code    36  tasks.o(.text)
    xTaskCheckForTimeOut                     0x080030a3   Thumb Code   124  tasks.o(.text)
    vTaskMissedYield                         0x0800311f   Thumb Code     8  tasks.o(.text)
    uxTaskGetTaskNumber                      0x08003127   Thumb Code    66  tasks.o(.text)
    vTaskSetTaskNumber                       0x08003169   Thumb Code     8  tasks.o(.text)
    xTaskGetCurrentTaskHandle                0x08003171   Thumb Code     6  tasks.o(.text)
    xTaskGetSchedulerState                   0x08003177   Thumb Code    24  tasks.o(.text)
    vTaskPriorityInherit                     0x0800318f   Thumb Code   164  tasks.o(.text)
    xTaskPriorityDisinherit                  0x08003233   Thumb Code   176  tasks.o(.text)
    vTaskList                                0x0800330d   Thumb Code   204  tasks.o(.text)
    uxTaskResetEventItemValue                0x080033d9   Thumb Code    24  tasks.o(.text)
    pvTaskIncrementMutexHeldCount            0x080033f1   Thumb Code    26  tasks.o(.text)
    ulTaskNotifyTake                         0x0800340b   Thumb Code   108  tasks.o(.text)
    xTaskNotifyWait                          0x08003477   Thumb Code   150  tasks.o(.text)
    xTaskGenericNotify                       0x0800350d   Thumb Code   276  tasks.o(.text)
    xTaskGenericNotifyFromISR                0x08003621   Thumb Code   282  tasks.o(.text)
    vTaskNotifyGiveFromISR                   0x0800373b   Thumb Code   200  tasks.o(.text)
    xTaskNotifyStateClear                    0x08003803   Thumb Code    48  tasks.o(.text)
    xTimerGenericCommand                     0x080038a5   Thumb Code   118  timers.o(.text)
    xTimerCreateTimerTask                    0x08003c0d   Thumb Code    56  timers.o(.text)
    xTimerCreate                             0x08003ceb   Thumb Code    48  timers.o(.text)
    xTimerGetTimerDaemonTaskHandle           0x08003d1b   Thumb Code    38  timers.o(.text)
    xTimerGetPeriod                          0x08003d41   Thumb Code    28  timers.o(.text)
    xTimerGetExpiryTime                      0x08003d5d   Thumb Code    30  timers.o(.text)
    pcTimerGetName                           0x08003d7b   Thumb Code    28  timers.o(.text)
    xTimerIsTimerActive                      0x08003d97   Thumb Code    50  timers.o(.text)
    pvTimerGetTimerID                        0x08003dc9   Thumb Code    38  timers.o(.text)
    vTimerSetTimerID                         0x08003def   Thumb Code    38  timers.o(.text)
    xTimerPendFunctionCallFromISR            0x08003e15   Thumb Code    48  timers.o(.text)
    xTimerPendFunctionCall                   0x08003e45   Thumb Code    70  timers.o(.text)
    pvPortMalloc                             0x08003f57   Thumb Code   262  heap_4.o(.text)
    vPortFree                                0x0800405d   Thumb Code   120  heap_4.o(.text)
    xPortGetFreeHeapSize                     0x080040d5   Thumb Code     6  heap_4.o(.text)
    xPortGetMinimumEverFreeHeapSize          0x080040db   Thumb Code     6  heap_4.o(.text)
    vPortInitialiseBlocks                    0x080040e1   Thumb Code     2  heap_4.o(.text)
    pxPortInitialiseStack                    0x08004167   Thumb Code    38  port.o(.text)
    vPortSetupTimerInterrupt                 0x0800418d   Thumb Code    26  port.o(.text)
    xPortStartScheduler                      0x080041a7   Thumb Code   258  port.o(.text)
    vPortEndScheduler                        0x080042a9   Thumb Code    34  port.o(.text)
    vPortEnterCritical                       0x080042cb   Thumb Code    70  port.o(.text)
    vPortExitCritical                        0x08004311   Thumb Code    48  port.o(.text)
    xPortSysTickHandler                      0x08004341   Thumb Code    48  port.o(.text)
    vPortValidateInterruptPriority           0x08004371   Thumb Code    88  port.o(.text)
    float_task                               0x08004429   Thumb Code    52  main.o(.text)
    led0_task                                0x0800445d   Thumb Code    22  main.o(.text)
    start_task                               0x08004473   Thumb Code    66  main.o(.text)
    main                                     0x080044b5   Thumb Code    58  main.o(.text)
    NMI_Handler                              0x08004545   Thumb Code     2  stm32f4xx_it.o(.text)
    HardFault_Handler                        0x08004547   Thumb Code     4  stm32f4xx_it.o(.text)
    MemManage_Handler                        0x0800454b   Thumb Code     4  stm32f4xx_it.o(.text)
    BusFault_Handler                         0x0800454f   Thumb Code     4  stm32f4xx_it.o(.text)
    UsageFault_Handler                       0x08004553   Thumb Code     4  stm32f4xx_it.o(.text)
    DebugMon_Handler                         0x08004557   Thumb Code     2  stm32f4xx_it.o(.text)
    SystemInit                               0x08004635   Thumb Code    88  system_stm32f4xx.o(.text)
    SystemCoreClockUpdate                    0x0800468d   Thumb Code   174  system_stm32f4xx.o(.text)
    __aeabi_memcpy                           0x08004769   Thumb Code    36  memcpya.o(.text)
    __aeabi_memcpy4                          0x08004769   Thumb Code     0  memcpya.o(.text)
    __aeabi_memcpy8                          0x08004769   Thumb Code     0  memcpya.o(.text)
    __aeabi_memset                           0x0800478d   Thumb Code    14  memseta.o(.text)
    __aeabi_memset4                          0x0800478d   Thumb Code     0  memseta.o(.text)
    __aeabi_memset8                          0x0800478d   Thumb Code     0  memseta.o(.text)
    __aeabi_memclr                           0x0800479b   Thumb Code     4  memseta.o(.text)
    __aeabi_memclr4                          0x0800479b   Thumb Code     0  memseta.o(.text)
    __aeabi_memclr8                          0x0800479b   Thumb Code     0  memseta.o(.text)
    _memset$wrapper                          0x0800479f   Thumb Code    18  memseta.o(.text)
    strlen                                   0x080047b1   Thumb Code    14  strlen.o(.text)
    strcpy                                   0x080047bf   Thumb Code    18  strcpy.o(.text)
    __aeabi_f2d                              0x080047d1   Thumb Code    38  f2d.o(.text)
    __aeabi_uidiv                            0x080047f7   Thumb Code     0  uidiv.o(.text)
    __aeabi_uidivmod                         0x080047f7   Thumb Code    44  uidiv.o(.text)
    __aeabi_uldivmod                         0x08004823   Thumb Code    98  uldiv.o(.text)
    __I$use$fp                               0x08004885   Thumb Code     0  iusefp.o(.text)
    __aeabi_dadd                             0x08004885   Thumb Code   322  dadd.o(.text)
    __aeabi_dsub                             0x080049c7   Thumb Code     6  dadd.o(.text)
    __aeabi_drsub                            0x080049cd   Thumb Code     6  dadd.o(.text)
    __aeabi_dmul                             0x080049d3   Thumb Code   228  dmul.o(.text)
    __aeabi_ddiv                             0x08004ab7   Thumb Code   222  ddiv.o(.text)
    __aeabi_d2ulz                            0x08004b95   Thumb Code    48  dfixul.o(.text)
    __aeabi_cdrcmple                         0x08004bc5   Thumb Code    48  cdrcmple.o(.text)
    __scatterload                            0x08004bf5   Thumb Code    28  init.o(.text)
    __scatterload_rt2                        0x08004bf5   Thumb Code     0  init.o(.text)
    __aeabi_llsl                             0x08004c19   Thumb Code    30  llshl.o(.text)
    _ll_shift_l                              0x08004c19   Thumb Code     0  llshl.o(.text)
    __aeabi_llsr                             0x08004c37   Thumb Code    32  llushr.o(.text)
    _ll_ushift_r                             0x08004c37   Thumb Code     0  llushr.o(.text)
    __aeabi_lasr                             0x08004c57   Thumb Code    36  llsshr.o(.text)
    _ll_sshift_r                             0x08004c57   Thumb Code     0  llsshr.o(.text)
    _double_round                            0x08004c7b   Thumb Code    30  depilogue.o(.text)
    _double_epilogue                         0x08004c99   Thumb Code   156  depilogue.o(.text)
    __0printf                                0x08004d35   Thumb Code    22  printfa.o(i.__0printf)
    __1printf                                0x08004d35   Thumb Code     0  printfa.o(i.__0printf)
    __2printf                                0x08004d35   Thumb Code     0  printfa.o(i.__0printf)
    __c89printf                              0x08004d35   Thumb Code     0  printfa.o(i.__0printf)
    printf                                   0x08004d35   Thumb Code     0  printfa.o(i.__0printf)
    __0sprintf                               0x08004d55   Thumb Code    34  printfa.o(i.__0sprintf)
    __1sprintf                               0x08004d55   Thumb Code     0  printfa.o(i.__0sprintf)
    __2sprintf                               0x08004d55   Thumb Code     0  printfa.o(i.__0sprintf)
    __c89sprintf                             0x08004d55   Thumb Code     0  printfa.o(i.__0sprintf)
    sprintf                                  0x08004d55   Thumb Code     0  printfa.o(i.__0sprintf)
    __scatterload_copy                       0x08004d7d   Thumb Code    14  handlers.o(i.__scatterload_copy)
    __scatterload_null                       0x08004d8b   Thumb Code     2  handlers.o(i.__scatterload_null)
    __scatterload_zeroinit                   0x08004d8d   Thumb Code    14  handlers.o(i.__scatterload_zeroinit)
    Region$$Table$$Base                      0x08005658   Number         0  anon$$obj.o(Region$$Table)
    Region$$Table$$Limit                     0x08005678   Number         0  anon$$obj.o(Region$$Table)
    pxCurrentTCB                             0x20000014   Data           4  tasks.o(.data)
    StartTask_Handler                        0x20000088   Data           4  main.o(.data)
    LED0Task_Handler                         0x2000008c   Data           4  main.o(.data)
    FLOATTask_Handler                        0x20000090   Data           4  main.o(.data)
    SystemCoreClock                          0x20000098   Data           4  system_stm32f4xx.o(.data)
    AHBPrescTable                            0x2000009c   Data          16  system_stm32f4xx.o(.data)
    __stdout                                 0x200000ac   Data           4  stdout.o(.data)
    xQueueRegistry                           0x200000b0   Data          64  queue.o(.bss)
    __initial_sp                             0x20005800   Data           0  startup_stm32f40_41xxx.o(STACK)



==============================================================================

Memory Map of the image

  Image Entry point : 0x08000189

  Load Region LR_IROM1 (Base: 0x08000000, Size: 0x00005728, Max: 0x00100000, ABSOLUTE)

    Execution Region ER_IROM1 (Base: 0x08000000, Size: 0x00005678, Max: 0x00100000, ABSOLUTE)

    Base Addr    Size         Type   Attr      Idx    E Section Name        Object

    0x08000000   0x00000188   Data   RO            3    RESET               startup_stm32f40_41xxx.o
    0x08000188   0x00000000   Code   RO         1306  * .ARM.Collect$$$$00000000  mc_w.l(entry.o)
    0x08000188   0x00000004   Code   RO         1582    .ARM.Collect$$$$00000001  mc_w.l(entry2.o)
    0x0800018c   0x00000004   Code   RO         1585    .ARM.Collect$$$$00000004  mc_w.l(entry5.o)
    0x08000190   0x00000000   Code   RO         1587    .ARM.Collect$$$$00000008  mc_w.l(entry7b.o)
    0x08000190   0x00000000   Code   RO         1589    .ARM.Collect$$$$0000000A  mc_w.l(entry8b.o)
    0x08000190   0x00000008   Code   RO         1590    .ARM.Collect$$$$0000000B  mc_w.l(entry9a.o)
    0x08000198   0x00000000   Code   RO         1592    .ARM.Collect$$$$0000000D  mc_w.l(entry10a.o)
    0x08000198   0x00000000   Code   RO         1594    .ARM.Collect$$$$0000000F  mc_w.l(entry11a.o)
    0x08000198   0x00000004   Code   RO         1583    .ARM.Collect$$$$00002712  mc_w.l(entry2.o)
    0x0800019c   0x000000b6   Code   RO         1166    .emb_text           port.o
    0x08000252   0x00000002   PAD
    0x08000254   0x00000024   Code   RO            4    .text               startup_stm32f40_41xxx.o
    0x08000278   0x000000e0   Code   RO           12    .text               misc.o
    0x08000358   0x00000294   Code   RO          466    .text               stm32f4xx_gpio.o
    0x080005ec   0x0000065c   Code   RO          629    .text               stm32f4xx_rcc.o
    0x08000c48   0x00000454   Code   RO          794    .text               stm32f4xx_usart.o
    0x0800109c   0x000000ec   Code   RO          834    .text               delay.o
    0x08001188   0x000000d0   Code   RO          917    .text               usart.o
    0x08001258   0x0000003c   Code   RO          941    .text               led.o
    0x08001294   0x00000094   Code   RO         1032    .text               list.o
    0x08001328   0x00000d0c   Code   RO         1052    .text               queue.o
    0x08002034   0x00001820   Code   RO         1081    .text               tasks.o
    0x08003854   0x00000640   Code   RO         1120    .text               timers.o
    0x08003e94   0x000002a0   Code   RO         1143    .text               heap_4.o
    0x08004134   0x000002f4   Code   RO         1167    .text               port.o
    0x08004428   0x0000011c   Code   RO         1204    .text               main.o
    0x08004544   0x00000014   Code   RO         1233    .text               stm32f4xx_it.o
    0x08004558   0x00000210   Code   RO         1282    .text               system_stm32f4xx.o
    0x08004768   0x00000024   Code   RO         1309    .text               mc_w.l(memcpya.o)
    0x0800478c   0x00000024   Code   RO         1311    .text               mc_w.l(memseta.o)
    0x080047b0   0x0000000e   Code   RO         1313    .text               mc_w.l(strlen.o)
    0x080047be   0x00000012   Code   RO         1315    .text               mc_w.l(strcpy.o)
    0x080047d0   0x00000026   Code   RO         1580    .text               mf_w.l(f2d.o)
    0x080047f6   0x0000002c   Code   RO         1597    .text               mc_w.l(uidiv.o)
    0x08004822   0x00000062   Code   RO         1599    .text               mc_w.l(uldiv.o)
    0x08004884   0x00000000   Code   RO         1601    .text               mc_w.l(iusefp.o)
    0x08004884   0x0000014e   Code   RO         1602    .text               mf_w.l(dadd.o)
    0x080049d2   0x000000e4   Code   RO         1604    .text               mf_w.l(dmul.o)
    0x08004ab6   0x000000de   Code   RO         1606    .text               mf_w.l(ddiv.o)
    0x08004b94   0x00000030   Code   RO         1608    .text               mf_w.l(dfixul.o)
    0x08004bc4   0x00000030   Code   RO         1610    .text               mf_w.l(cdrcmple.o)
    0x08004bf4   0x00000024   Code   RO         1612    .text               mc_w.l(init.o)
    0x08004c18   0x0000001e   Code   RO         1614    .text               mc_w.l(llshl.o)
    0x08004c36   0x00000020   Code   RO         1616    .text               mc_w.l(llushr.o)
    0x08004c56   0x00000024   Code   RO         1618    .text               mc_w.l(llsshr.o)
    0x08004c7a   0x000000ba   Code   RO         1620    .text               mf_w.l(depilogue.o)
    0x08004d34   0x00000020   Code   RO         1552    i.__0printf         mc_w.l(printfa.o)
    0x08004d54   0x00000028   Code   RO         1554    i.__0sprintf        mc_w.l(printfa.o)
    0x08004d7c   0x0000000e   Code   RO         1624    i.__scatterload_copy  mc_w.l(handlers.o)
    0x08004d8a   0x00000002   Code   RO         1625    i.__scatterload_null  mc_w.l(handlers.o)
    0x08004d8c   0x0000000e   Code   RO         1626    i.__scatterload_zeroinit  mc_w.l(handlers.o)
    0x08004d9a   0x00000002   PAD
    0x08004d9c   0x00000184   Code   RO         1559    i._fp_digits        mc_w.l(printfa.o)
    0x08004f20   0x000006dc   Code   RO         1560    i._printf_core      mc_w.l(printfa.o)
    0x080055fc   0x00000024   Code   RO         1561    i._printf_post_padding  mc_w.l(printfa.o)
    0x08005620   0x0000002e   Code   RO         1562    i._printf_pre_padding  mc_w.l(printfa.o)
    0x0800564e   0x0000000a   Code   RO         1564    i._sputc            mc_w.l(printfa.o)
    0x08005658   0x00000020   Data   RO         1622    Region$$Table       anon$$obj.o


    Execution Region RW_IRAM1 (Base: 0x20000000, Size: 0x00005800, Max: 0x00020000, ABSOLUTE)

    Base Addr    Size         Type   Attr      Idx    E Section Name        Object

    0x20000000   0x00000010   Data   RW          630    .data               stm32f4xx_rcc.o
    0x20000010   0x00000004   Data   RW          835    .data               delay.o
    0x20000014   0x0000003c   Data   RW         1083    .data               tasks.o
    0x20000050   0x00000014   Data   RW         1122    .data               timers.o
    0x20000064   0x00000018   Data   RW         1145    .data               heap_4.o
    0x2000007c   0x0000000c   Data   RW         1168    .data               port.o
    0x20000088   0x00000010   Data   RW         1205    .data               main.o
    0x20000098   0x00000014   Data   RW         1283    .data               system_stm32f4xx.o
    0x200000ac   0x00000004   Data   RW         1596    .data               mc_w.l(stdout.o)
    0x200000b0   0x00000040   Zero   RW         1053    .bss                queue.o
    0x200000f0   0x000002e4   Zero   RW         1082    .bss                tasks.o
    0x200003d4   0x00000028   Zero   RW         1121    .bss                timers.o
    0x200003fc   0x00005000   Zero   RW         1144    .bss                heap_4.o
    0x200053fc   0x00000004   PAD
    0x20005400   0x00000400   Zero   RW            1    STACK               startup_stm32f40_41xxx.o


==============================================================================

Image component sizes


      Code (inc. data)   RO Data    RW Data    ZI Data      Debug   Object Name

       236         10          0          4          0      11669   delay.o
         0          0          0          0          0      11784   event_groups.o
       672         82          0         24      20480       3404   heap_4.o
        60          6          0          0          0        531   led.o
       148          0          0          0          0       1970   list.o
       284         86          0         16          0       1358   main.o
       224         20          0          0          0     263697   misc.o
       938        112          0         12          0       8303   port.o
      3340         52          0          0         64      18978   queue.o
        36          8        392          0       1024        844   startup_stm32f40_41xxx.o
       660         44          0          0          0       4169   stm32f4xx_gpio.o
        20          0          0          0          0        951   stm32f4xx_it.o
      1628         52          0         16          0      13052   stm32f4xx_rcc.o
      1108         34          0          0          0       7892   stm32f4xx_usart.o
       528         46          0         20          0       1795   system_stm32f4xx.o
      6176        402          0         60        740      32200   tasks.o
      1600        112          0         20         40       8884   timers.o
       208         10          0          0          0       2356   usart.o

    ----------------------------------------------------------------------
     17868       1076        424        172      22352     393837   Object Totals
         0          0         32          0          0          0   (incl. Generated)
         2          0          0          0          4          0   (incl. Padding)

    ----------------------------------------------------------------------

      Code (inc. data)   RO Data    RW Data    ZI Data      Debug   Library Member Name

         0          0          0          0          0          0   entry.o
         0          0          0          0          0          0   entry10a.o
         0          0          0          0          0          0   entry11a.o
         8          4          0          0          0          0   entry2.o
         4          0          0          0          0          0   entry5.o
         0          0          0          0          0          0   entry7b.o
         0          0          0          0          0          0   entry8b.o
         8          4          0          0          0          0   entry9a.o
        30          0          0          0          0          0   handlers.o
        36          8          0          0          0         68   init.o
         0          0          0          0          0          0   iusefp.o
        30          0          0          0          0         68   llshl.o
        36          0          0          0          0         68   llsshr.o
        32          0          0          0          0         68   llushr.o
        36          0          0          0          0         68   memcpya.o
        36          0          0          0          0        108   memseta.o
      2308         96          0          0          0        604   printfa.o
         0          0          0          4          0          0   stdout.o
        18          0          0          0          0         68   strcpy.o
        14          0          0          0          0         68   strlen.o
        44          0          0          0          0         80   uidiv.o
        98          0          0          0          0         92   uldiv.o
        48          0          0          0          0         68   cdrcmple.o
       334          0          0          0          0        148   dadd.o
       222          0          0          0          0        100   ddiv.o
       186          0          0          0          0        176   depilogue.o
        48          0          0          0          0         68   dfixul.o
       228          0          0          0          0         96   dmul.o
        38          0          0          0          0         68   f2d.o

    ----------------------------------------------------------------------
      3844        112          0          4          0       2084   Library Totals
         2          0          0          0          0          0   (incl. Padding)

    ----------------------------------------------------------------------

      Code (inc. data)   RO Data    RW Data    ZI Data      Debug   Library Name

      2738        112          0          4          0       1360   mc_w.l
      1104          0          0          0          0        724   mf_w.l

    ----------------------------------------------------------------------
      3844        112          0          4          0       2084   Library Totals

    ----------------------------------------------------------------------

==============================================================================


      Code (inc. data)   RO Data    RW Data    ZI Data      Debug   

     21712       1188        424        176      22352     391633   Grand Totals
     21712       1188        424        176      22352     391633   ELF Image Totals
     21712       1188        424        176          0          0   ROM Totals

==============================================================================

    Total RO  Size (Code + RO Data)                22136 (  21.62kB)
    Total RW  Size (RW Data + ZI Data)             22528 (  22.00kB)
    Total ROM Size (Code + RO Data + RW Data)      22312 (  21.79kB)

==============================================================================

